 app

 Timestamp is 59b1123f (Thu Sep  7 17:32:47 2017)

 Preferred load address is 00400000

 Start         Length     Name                   Class
 0001:00000000 00000580H .text$di                CODE
 0001:00000580 0001e780H .text$mn                CODE
 0001:0001ed00 00003f80H .text$x                 CODE
 0001:00022c80 00000281H .text$yd                CODE
 0002:00000000 00000738H .idata$5                DATA
 0002:00000738 00000004H .00cfg                  DATA
 0002:0000073c 00000004H .CRT$XCA                DATA
 0002:00000740 00000004H .CRT$XCAA               DATA
 0002:00000744 000000a8H .CRT$XCU                DATA
 0002:000007ec 00000004H .CRT$XCZ                DATA
 0002:000007f0 00000004H .CRT$XIA                DATA
 0002:000007f4 00000004H .CRT$XIAA               DATA
 0002:000007f8 00000004H .CRT$XIAC               DATA
 0002:000007fc 00000004H .CRT$XIZ                DATA
 0002:00000800 00000004H .CRT$XPA                DATA
 0002:00000804 00000004H .CRT$XPZ                DATA
 0002:00000808 00000004H .CRT$XTA                DATA
 0002:0000080c 00000004H .CRT$XTZ                DATA
 0002:00000810 00100f74H .rdata                  DATA
 0002:00101784 00000e4cH .rdata$r                DATA
 0002:001025d0 0000036cH .rdata$sxdata           DATA
 0002:0010293c 00000320H .rdata$zzzdbg           DATA
 0002:00102c5c 00000004H .rtc$IAA                DATA
 0002:00102c60 00000004H .rtc$IZZ                DATA
 0002:00102c64 00000004H .rtc$TAA                DATA
 0002:00102c68 00000008H .rtc$TZZ                DATA
 0002:00102c70 0000468cH .xdata$x                DATA
 0002:001072fc 00000000H .edata                  DATA
 0002:001072fc 000000f0H .idata$2                DATA
 0002:001073ec 00000014H .idata$3                DATA
 0002:00107400 00000738H .idata$4                DATA
 0002:00107b38 000044beH .idata$6                DATA
 0003:00000000 00000098H .data                   DATA
 0003:00000098 00000678H .data$r                 DATA
 0003:00000710 00000468H .bss                    DATA
 0004:00000000 00000050H .gfids$y                DATA
 0005:00000000 00000060H .rsrc$01                DATA
 0005:00000060 00000280H .rsrc$02                DATA

  Address         Publics by Value              Rva+Base       Lib:Object

 0000:00000000       ___guard_longjmp_table     00000000     <absolute>
 0000:00000000       ___guard_iat_count         00000000     <absolute>
 0000:00000000       ___guard_longjmp_count     00000000     <absolute>
 0000:00000000       ___guard_fids_table        00000000     <absolute>
 0000:00000000       ___guard_iat_table         00000000     <absolute>
 0000:00000000       ___dynamic_value_reloc_table 00000000     <absolute>
 0000:00000000       ___guard_fids_count        00000000     <absolute>
 0000:000000db       ___safe_se_handler_count   000000db     <absolute>
 0000:00000100       ___guard_flags             00000100     <absolute>
 0000:00000000       ___ImageBase               00400000     <linker-defined>
 0001:00000580       ??0AppenderSkeleton@Log4Qt@@IAE@_NPAVQObject@@@Z 00401580 f   appenderskeleton.obj
 0001:00000630       ??0AppenderSkeleton@Log4Qt@@QAE@PAVQObject@@@Z 00401630 f   appenderskeleton.obj
 0001:000006e0       ??1?$QList@VLogError@Log4Qt@@@@QAE@XZ 004016e0 f i appenderskeleton.obj
 0001:00000740       ??1Appender@Log4Qt@@UAE@XZ 00401740 f i appenderskeleton.obj
 0001:00000750       ??1AppenderSkeleton@Log4Qt@@UAE@XZ 00401750 f i appenderskeleton.obj
 0001:000007d0       ??1LogError@Log4Qt@@QAE@XZ 004017d0 f i appenderskeleton.obj
 0001:00000880       ??1RecursionGuardLocker@Log4Qt@@QAE@XZ 00401880 f i appenderskeleton.obj
 0001:00000890       ??6LogError@Log4Qt@@QAEAAV01@ABVQString@@@Z 00401890 f i appenderskeleton.obj
 0001:00000900       ??_GLogObject@Log4Qt@@UAEPAXI@Z 00401900 f i appenderskeleton.obj
 0001:00000900       ??_ELogObject@Log4Qt@@UAEPAXI@Z 00401900 f i appenderskeleton.obj
 0001:00000930       ?activateOptions@AppenderSkeleton@Log4Qt@@UAEXXZ 00401930 f   appenderskeleton.obj
 0001:00000a70       ?addFilter@AppenderSkeleton@Log4Qt@@UAEXPAVFilter@2@@Z 00401a70 f   appenderskeleton.obj
 0001:00000b80       ?append@?$QList@VQVariant@@@@QAEXABVQVariant@@@Z 00401b80 f i appenderskeleton.obj
 0001:00000c40       ?checkEntryConditions@AppenderSkeleton@Log4Qt@@MBE_NXZ 00401c40 f   appenderskeleton.obj
 0001:00000ed0       ?clearFilters@AppenderSkeleton@Log4Qt@@UAEXXZ 00401ed0 f   appenderskeleton.obj
 0001:00000f50       ?close@AppenderSkeleton@Log4Qt@@UAEXXZ 00401f50 f   appenderskeleton.obj
 0001:00000f80       ?dealloc@?$QList@VLogError@Log4Qt@@@@AAEXPAUData@QListData@@@Z 00401f80 f i appenderskeleton.obj
 0001:00000fe0       ?detach_helper_grow@?$QList@VQVariant@@@@AAEPAUNode@1@HH@Z 00401fe0 f i appenderskeleton.obj
 0001:00001150       ?doAppend@AppenderSkeleton@Log4Qt@@UAEXABVLoggingEvent@2@@Z 00402150 f   appenderskeleton.obj
 0001:00001220       ?error@Logger@Log4Qt@@QBEXABVLogError@2@@Z 00402220 f i appenderskeleton.obj
 0001:000012a0       ?filter@AppenderSkeleton@Log4Qt@@UBEPAVFilter@2@XZ 004022a0 f i appenderskeleton.obj
 0001:000012d0       ?layout@AppenderSkeleton@Log4Qt@@UBEPAVLayout@2@XZ 004022d0 f i appenderskeleton.obj
 0001:00001300       ?name@AppenderSkeleton@Log4Qt@@UBE?AVQString@@XZ 00402300 f i appenderskeleton.obj
 0001:00001380       ?node_copy@?$QList@VQVariant@@@@AAEXPAUNode@1@00@Z 00402380 f i appenderskeleton.obj
 0001:00001450       ?node_destruct@?$QList@VQVariant@@@@AAEXPAUNode@1@0@Z 00402450 f i appenderskeleton.obj
 0001:00001490       ?setLayout@AppenderSkeleton@Log4Qt@@UAEXPAVLayout@2@@Z 00402490 f i appenderskeleton.obj
 0001:000014f0       ?setName@AppenderSkeleton@Log4Qt@@UAEXABVQString@@@Z 004024f0 f i appenderskeleton.obj
 0001:00001560       ?warn@Logger@Log4Qt@@QBEXPBDABVQString@@@Z 00402560 f i appenderskeleton.obj
 0001:00001610       ??0?$QList@VLoggingEvent@Log4Qt@@@@QAE@ABV0@@Z 00402610 f i basicconfigurator.obj
 0001:000016c0       ??0LoggingEvent@Log4Qt@@QAE@ABV01@@Z 004026c0 f i basicconfigurator.obj
 0001:00001780       ??1?$QList@VLoggingEvent@Log4Qt@@@@QAE@XZ 00402780 f i basicconfigurator.obj
 0001:00001800       ??4?$QList@VLoggingEvent@Log4Qt@@@@QAEAAV0@ABV0@@Z 00402800 f i basicconfigurator.obj
 0001:000018a0       ??_GLoggingEvent@Log4Qt@@QAEPAXI@Z 004028a0 f i basicconfigurator.obj
 0001:00001940       ?deleteNode2@?$QHash@VQString@@V1@@@CAXPAUNode@QHashData@@@Z 00402940 f i basicconfigurator.obj
 0001:00001960       ?detach@?$QHash@VQString@@V1@@@QAEXXZ 00402960 f i basicconfigurator.obj
 0001:000019c0       ?duplicateNode@?$QHash@VQString@@V1@@@CAXPAUNode@QHashData@@PAX@Z 004029c0 f i basicconfigurator.obj
 0001:00001a00       ?node_copy@?$QList@VLoggingEvent@Log4Qt@@@@AAEXPAUNode@1@00@Z 00402a00 f i basicconfigurator.obj
 0001:00001ac0       ?node_destruct@?$QList@VLoggingEvent@Log4Qt@@@@AAEXPAUNode@1@0@Z 00402ac0 f i basicconfigurator.obj
 0001:00001b80       ??0ConsoleAppender@Log4Qt@@QAE@PAVLayout@1@W4Target@01@PAVQObject@@@Z 00402b80 f   consoleappender.obj
 0001:00001bb0       ??0ConsoleAppender@Log4Qt@@QAE@PAVQObject@@@Z 00402bb0 f   consoleappender.obj
 0001:00001be0       ??_EConsoleAppender@Log4Qt@@UAEPAXI@Z 00402be0 f i consoleappender.obj
 0001:00001be0       ??_GConsoleAppender@Log4Qt@@UAEPAXI@Z 00402be0 f i consoleappender.obj
 0001:00001c90       ??_GQTextStream@@UAEPAXI@Z 00402c90 f i consoleappender.obj
 0001:00001c90       ??_EQTextStream@@UAEPAXI@Z 00402c90 f i consoleappender.obj
 0001:00001cc0       ?activateOptions@ConsoleAppender@Log4Qt@@UAEXXZ 00402cc0 f   consoleappender.obj
 0001:00001da0       ?close@ConsoleAppender@Log4Qt@@UAEXXZ 00402da0 f   consoleappender.obj
 0001:00001e30       ?debug@ConsoleAppender@Log4Qt@@MBE?AVQDebug@@AAV3@@Z 00402e30 f   consoleappender.obj
 0001:000020d0       ?name@Layout@Log4Qt@@QBE?AVQString@@XZ 004030d0 f i consoleappender.obj
 0001:000020f0       ?setTarget@ConsoleAppender@Log4Qt@@QAEXABVQString@@@Z 004030f0 f   consoleappender.obj
 0001:00002120       ?target@ConsoleAppender@Log4Qt@@QBE?AVQString@@XZ 00403120 f   consoleappender.obj
 0001:00002160       ??0DailyRollingFileAppender@Log4Qt@@QAE@PAVQObject@@@Z 00403160 f   dailyrollingfileappender.obj
 0001:00002220       ??0QLatin1String@@QAE@PBD@Z 00403220 f i dailyrollingfileappender.obj
 0001:00002260       ??1DateTime@Log4Qt@@QAE@XZ 00403260 f i dailyrollingfileappender.obj
 0001:00002270       ??9@YA_NABVQString@@0@Z    00403270 f i dailyrollingfileappender.obj
 0001:00002290       ??H@YA?BVQString@@ABV0@0@Z 00403290 f i dailyrollingfileappender.obj
 0001:00002300       ??_GDailyRollingFileAppender@Log4Qt@@UAEPAXI@Z 00403300 f i dailyrollingfileappender.obj
 0001:00002300       ??_EDailyRollingFileAppender@Log4Qt@@UAEPAXI@Z 00403300 f i dailyrollingfileappender.obj
 0001:00002390       ?activateOptions@DailyRollingFileAppender@Log4Qt@@UAEXXZ 00403390 f   dailyrollingfileappender.obj
 0001:00002410       ?append@DailyRollingFileAppender@Log4Qt@@MAEXABVLoggingEvent@2@@Z 00403410 f   dailyrollingfileappender.obj
 0001:00002490       ?checkEntryConditions@DailyRollingFileAppender@Log4Qt@@MBE_NXZ 00403490 f   dailyrollingfileappender.obj
 0001:000025b0       ?computeFrequency@DailyRollingFileAppender@Log4Qt@@AAEXXZ 004035b0 f   dailyrollingfileappender.obj
 0001:00002980       ?computeRollOverTime@DailyRollingFileAppender@Log4Qt@@AAEXXZ 00403980 f   dailyrollingfileappender.obj
 0001:00002d50       ?datePattern@DailyRollingFileAppender@Log4Qt@@QBE?AVQString@@XZ 00403d50 f i dailyrollingfileappender.obj
 0001:00002da0       ?debug@DailyRollingFileAppender@Log4Qt@@MBE?AVQDebug@@AAV3@@Z 00403da0 f   dailyrollingfileappender.obj
 0001:00003280       ?file@FileAppender@Log4Qt@@QBE?AVQString@@XZ 00404280 f i dailyrollingfileappender.obj
 0001:000032d0       ?frequencyToString@DailyRollingFileAppender@Log4Qt@@ABE?AVQString@@XZ 004042d0 f   dailyrollingfileappender.obj
 0001:00003350       ?rollOver@DailyRollingFileAppender@Log4Qt@@AAEXXZ 00404350 f   dailyrollingfileappender.obj
 0001:00003480       ?setDatePattern@DailyRollingFileAppender@Log4Qt@@QAEXABVQString@@@Z 00404480 f i dailyrollingfileappender.obj
 0001:000034c0       ?trace@Logger@Log4Qt@@QBEXPBDABVQString@@1@Z 004044c0 f i dailyrollingfileappender.obj
 0001:00003560       ?trace@Logger@Log4Qt@@QBEXPBDABVQVariant@@11@Z 00404560 f i dailyrollingfileappender.obj
 0001:00003660       ??0?$QList@VLogError@Log4Qt@@@@QAE@ABV0@@Z 00404660 f i fileappender.obj
 0001:00003710       ??0?$QList@VQVariant@@@@QAE@ABV0@@Z 00404710 f i fileappender.obj
 0001:000037c0       ??0FileAppender@Log4Qt@@QAE@PAVQObject@@@Z 004047c0 f   fileappender.obj
 0001:00003800       ??0LogError@Log4Qt@@QAE@ABV01@@Z 00404800 f i fileappender.obj
 0001:000038a0       ??1?$QList@VQVariant@@@@QAE@XZ 004048a0 f i fileappender.obj
 0001:00003920       ??1FileAppender@Log4Qt@@UAE@XZ 00404920 f   fileappender.obj
 0001:000039a0       ??_GFileAppender@Log4Qt@@UAEPAXI@Z 004049a0 f i fileappender.obj
 0001:000039a0       ??_EFileAppender@Log4Qt@@UAEPAXI@Z 004049a0 f i fileappender.obj
 0001:00003a40       ??_EQFile@@UAEPAXI@Z       00404a40 f i fileappender.obj
 0001:00003a40       ??_GQFile@@UAEPAXI@Z       00404a40 f i fileappender.obj
 0001:00003a70       ?activateOptions@FileAppender@Log4Qt@@UAEXXZ 00404a70 f   fileappender.obj
 0001:00003bb0       ?append@?$QList@VLogError@Log4Qt@@@@QAEXABVLogError@Log4Qt@@@Z 00404bb0 f i fileappender.obj
 0001:00003c70       ?checkEntryConditions@FileAppender@Log4Qt@@MBE_NXZ 00404c70 f   fileappender.obj
 0001:00003d90       ?close@FileAppender@Log4Qt@@UAEXXZ 00404d90 f   fileappender.obj
 0001:00003e00       ?closeFile@FileAppender@Log4Qt@@IAEXXZ 00404e00 f   fileappender.obj
 0001:00003ed0       ?debug@FileAppender@Log4Qt@@MBE?AVQDebug@@AAV3@@Z 00404ed0 f   fileappender.obj
 0001:000042f0       ?debug@Logger@Log4Qt@@QBEXPBDABVQString@@1@Z 004052f0 f i fileappender.obj
 0001:00004390       ?detach_helper_grow@?$QList@VLogError@Log4Qt@@@@AAEPAUNode@1@HH@Z 00405390 f i fileappender.obj
 0001:000044e0       ?handleIoErrors@FileAppender@Log4Qt@@MBE_NXZ 004054e0 f   fileappender.obj
 0001:000046a0       ?node_copy@?$QList@VLogError@Log4Qt@@@@AAEXPAUNode@1@00@Z 004056a0 f i fileappender.obj
 0001:00004770       ?node_destruct@?$QList@VLogError@Log4Qt@@@@AAEXPAUNode@1@0@Z 00405770 f i fileappender.obj
 0001:000047b0       ?openFile@FileAppender@Log4Qt@@IAEXXZ 004057b0 f   fileappender.obj
 0001:00004ab0       ?removeFile@FileAppender@Log4Qt@@IBE_NAAVQFile@@@Z 00405ab0 f   fileappender.obj
 0001:00004c80       ?renameFile@FileAppender@Log4Qt@@IBE_NAAVQFile@@ABVQString@@@Z 00405c80 f   fileappender.obj
 0001:00004ec0       ?trace@Logger@Log4Qt@@QBEXPBDABVQString@@@Z 00405ec0 f i fileappender.obj
 0001:00004f70       ??0ClassLogger@Log4Qt@@QAE@XZ 00405f70 f   classlogger.obj
 0001:00004f90       ?logger@ClassLogger@Log4Qt@@QAEPAVLogger@2@PBVQObject@@@Z 00405f90 f   classlogger.obj
 0001:00005030       ??1ConfiguratorHelper@Log4Qt@@EAE@XZ 00406030 f   configuratorhelper.obj
 0001:000050e0       ??_GConfiguratorHelper@Log4Qt@@EAEPAXI@Z 004060e0 f i configuratorhelper.obj
 0001:000050e0       ??_EConfiguratorHelper@Log4Qt@@EAEPAXI@Z 004060e0 f i configuratorhelper.obj
 0001:00005100       ?doConfigurationFileChanged@ConfiguratorHelper@Log4Qt@@AAEXABVQString@@@Z 00406100 f   configuratorhelper.obj
 0001:00005190       ?instance@ConfiguratorHelper@Log4Qt@@SAPAV12@XZ 00406190 f   configuratorhelper.obj
 0001:00005250       ?formatDateTime@DateTime@Log4Qt@@ABE?AVQString@@ABV3@@Z 00406250 f   datetime.obj
 0001:00005580       ?formatToken@DateTime@Log4Qt@@ABE?AVQString@@ABV3@_N@Z 00406580 f   datetime.obj
 0001:00005ea0       ?hasAMPM@DateTime@Log4Qt@@CA_NABVQString@@@Z 00406ea0 f   datetime.obj
 0001:00005f50       ?toMilliSeconds@DateTime@Log4Qt@@QBE_JXZ 00406f50 f i datetime.obj
 0001:00005f90       ?toString@DateTime@Log4Qt@@QBE?AVQString@@ABV3@@Z 00406f90 f   datetime.obj
 0001:00006130       ??$fromValue@VLevel@Log4Qt@@@QVariant@@SA?AV0@ABVLevel@Log4Qt@@@Z 00407130 f i factory.obj
 0001:00006150       ??$qRegisterMetaType@VLevel@Log4Qt@@@@YAHPBDPAVLevel@Log4Qt@@W4DefinedType@?$MetaTypeDefinedHelper@VLevel@Log4Qt@@$00@QtPrivate@@@Z 00407150 f i factory.obj
 0001:00006200       ??$qVariantFromValue@VLevel@Log4Qt@@@@YA?AVQVariant@@ABVLevel@Log4Qt@@@Z 00407200 f i factory.obj
 0001:00006230       ??1?$QList@VQString@@@@QAE@XZ 00407230 f i factory.obj
 0001:000062c0       ??1Factory@Log4Qt@@QAE@XZ  004072c0 f i factory.obj
 0001:000063a0       ??1Layout@Log4Qt@@UAE@XZ   004073a0 f i factory.obj
 0001:000063d0       ??1?$QForeachContainer@VQStringList@@@QtPrivate@@QAE@XZ 004073d0 f i initialisationhelper.obj
 0001:000063d0       ??1?$QForeachContainer@V?$QList@VQString@@@@@QtPrivate@@QAE@XZ 004073d0 f i logmanager.obj
 0001:000063d0       ??1QStringList@@QAE@XZ     004073d0 f i factory.obj
 0001:000063d0       ??1?$QListIterator@VQString@@@@QAE@XZ 004073d0 f i propertyconfigurator.obj
 0001:000063e0       ??_EAppenderSkeleton@Log4Qt@@UAEPAXI@Z 004073e0 f i appenderskeleton.obj
 0001:000063e0       ??_GDebugAppender@Log4Qt@@UAEPAXI@Z 004073e0 f i factory.obj
 0001:000063e0       ??_GAppenderSkeleton@Log4Qt@@UAEPAXI@Z 004073e0 f i appenderskeleton.obj
 0001:000063e0       ??_EDebugAppender@Log4Qt@@UAEPAXI@Z 004073e0 f i factory.obj
 0001:00006400       ??_GDenyAllFilter@Log4Qt@@UAEPAXI@Z 00407400 f i factory.obj
 0001:00006400       ??_EFilter@Log4Qt@@UAEPAXI@Z 00407400 f i factory.obj
 0001:00006400       ??_EDenyAllFilter@Log4Qt@@UAEPAXI@Z 00407400 f i factory.obj
 0001:00006400       ??_GFilter@Log4Qt@@UAEPAXI@Z 00407400 f i factory.obj
 0001:00006450       ??_GLayout@Log4Qt@@UAEPAXI@Z 00407450 f i factory.obj
 0001:00006450       ??_GSimpleLayout@Log4Qt@@UAEPAXI@Z 00407450 f i factory.obj
 0001:00006450       ??_ESimpleLayout@Log4Qt@@UAEPAXI@Z 00407450 f i factory.obj
 0001:00006450       ??_ELayout@Log4Qt@@UAEPAXI@Z 00407450 f i factory.obj
 0001:000064a0       ?Construct@?$QMetaTypeFunctionHelper@VLevel@Log4Qt@@$00@QtMetaTypePrivate@@SAPAXPAXPBX@Z 004074a0 f i factory.obj
 0001:000064d0       ?append@?$QList@VQString@@@@QAEXABVQString@@@Z 004074d0 f i factory.obj
 0001:00006580       ?console_file_appender@Log4Qt@@YAPAVAppender@1@XZ 00407580 f   factory.obj
 0001:000065d0       ?createNode@?$QHash@VQString@@P6APAVFilter@Log4Qt@@XZ@@AAEPAU?$QHashNode@VQString@@P6APAVFilter@Log4Qt@@XZ@@IABVQString@@ABQ6APAVFilter@Log4Qt@@XZPAPAU2@@Z 004075d0 f i factory.obj
 0001:000065d0       ?createNode@?$QHash@VQString@@P6APAVAppender@Log4Qt@@XZ@@AAEPAU?$QHashNode@VQString@@P6APAVAppender@Log4Qt@@XZ@@IABVQString@@ABQ6APAVAppender@Log4Qt@@XZPAPAU2@@Z 004075d0 f i factory.obj
 0001:000065d0       ?createNode@?$QHash@VQString@@P6APAVLayout@Log4Qt@@XZ@@AAEPAU?$QHashNode@VQString@@P6APAVLayout@Log4Qt@@XZ@@IABVQString@@ABQ6APAVLayout@Log4Qt@@XZPAPAU2@@Z 004075d0 f i factory.obj
 0001:000065d0       ?createNode@?$QHash@VQString@@PAVLogger@Log4Qt@@@@AAEPAU?$QHashNode@VQString@@PAVLogger@Log4Qt@@@@IABVQString@@ABQAVLogger@Log4Qt@@PAPAU2@@Z 004075d0 f i hierarchy.obj
 0001:00006640       ?create_daily_rolling_file_appender@Log4Qt@@YAPAVAppender@1@XZ 00407640 f   factory.obj
 0001:00006690       ?create_debug_appender@Log4Qt@@YAPAVAppender@1@XZ 00407690 f   factory.obj
 0001:000066f0       ?create_deny_all_filter@Log4Qt@@YAPAVFilter@1@XZ 004076f0 f   factory.obj
 0001:00006770       ?create_file_appender@Log4Qt@@YAPAVAppender@1@XZ 00407770 f   factory.obj
 0001:000067c0       ?create_level_match_filter@Log4Qt@@YAPAVFilter@1@XZ 004077c0 f   factory.obj
 0001:00006810       ?create_level_range_filter@Log4Qt@@YAPAVFilter@1@XZ 00407810 f   factory.obj
 0001:00006860       ?create_list_appender@Log4Qt@@YAPAVAppender@1@XZ 00407860 f   factory.obj
 0001:000068b0       ?create_null_appender@Log4Qt@@YAPAVAppender@1@XZ 004078b0 f   factory.obj
 0001:00006900       ?create_pattern_layout@Log4Qt@@YAPAVLayout@1@XZ 00407900 f   factory.obj
 0001:00006950       ?create_rolling_file_appender@Log4Qt@@YAPAVAppender@1@XZ 00407950 f   factory.obj
 0001:000069a0       ?create_simple_layout@Log4Qt@@YAPAVLayout@1@XZ 004079a0 f   factory.obj
 0001:00006a30       ?create_string_match_filter@Log4Qt@@YAPAVFilter@1@XZ 00407a30 f   factory.obj
 0001:00006a80       ?create_ttcc_layout@Log4Qt@@YAPAVLayout@1@XZ 00407a80 f   factory.obj
 0001:00006ad0       ?debug@Logger@Log4Qt@@QBEXPBDABVQString@@11@Z 00407ad0 f i factory.obj
 0001:00006b80       ?decide@DenyAllFilter@Log4Qt@@UBE?AW4Decision@Filter@2@ABVLoggingEvent@2@@Z 00407b80 f i factory.obj
 0001:00006b90       ?deleteNode2@?$QHash@VQString@@P6APAVAppender@Log4Qt@@XZ@@CAXPAUNode@QHashData@@@Z 00407b90 f i factory.obj
 0001:00006b90       ?deleteNode2@?$QHash@VQString@@P6APAVFilter@Log4Qt@@XZ@@CAXPAUNode@QHashData@@@Z 00407b90 f i factory.obj
 0001:00006b90       ?deleteNode2@?$QHash@VQString@@P6APAVLayout@Log4Qt@@XZ@@CAXPAUNode@QHashData@@@Z 00407b90 f i factory.obj
 0001:00006b90       ?deleteNode2@?$QHash@VQString@@PAVLogger@Log4Qt@@@@CAXPAUNode@QHashData@@@Z 00407b90 f i hierarchy.obj
 0001:00006ba0       ?detach_helper@?$QList@VQString@@@@AAEXH@Z 00407ba0 f i factory.obj
 0001:00006c90       ?detach_helper_grow@?$QList@VQString@@@@AAEPAUNode@1@HH@Z 00407c90 f i factory.obj
 0001:00006e10       ?doCreateAppender@Factory@Log4Qt@@AAEPAVAppender@2@ABVQString@@@Z 00407e10 f   factory.obj
 0001:00006f10       ?doCreateLayout@Factory@Log4Qt@@AAEPAVLayout@2@ABVQString@@@Z 00407f10 f   factory.obj
 0001:00007010       ?doSetObjectProperty@Factory@Log4Qt@@AAEXPAVQObject@@ABVQString@@1@Z 00408010 f   factory.obj
 0001:000073d0       ?duplicateNode@?$QHash@VQString@@PAVLogger@Log4Qt@@@@CAXPAUNode@QHashData@@PAX@Z 004083d0 f i hierarchy.obj
 0001:000073d0       ?duplicateNode@?$QHash@VQString@@P6APAVAppender@Log4Qt@@XZ@@CAXPAUNode@QHashData@@PAX@Z 004083d0 f i factory.obj
 0001:000073d0       ?duplicateNode@?$QHash@VQString@@P6APAVFilter@Log4Qt@@XZ@@CAXPAUNode@QHashData@@PAX@Z 004083d0 f i factory.obj
 0001:000073d0       ?duplicateNode@?$QHash@VQString@@P6APAVLayout@Log4Qt@@XZ@@CAXPAUNode@QHashData@@PAX@Z 004083d0 f i factory.obj
 0001:00007400       ?findNode@?$QHash@VQString@@P6APAVAppender@Log4Qt@@XZ@@ABEPAPAU?$QHashNode@VQString@@P6APAVAppender@Log4Qt@@XZ@@ABVQString@@I@Z 00408400 f i factory.obj
 0001:00007400       ?findNode@?$QHash@VQString@@P6APAVLayout@Log4Qt@@XZ@@ABEPAPAU?$QHashNode@VQString@@P6APAVLayout@Log4Qt@@XZ@@ABVQString@@I@Z 00408400 f i factory.obj
 0001:00007400       ?findNode@?$QHash@VQString@@PAVLogger@Log4Qt@@@@ABEPAPAU?$QHashNode@VQString@@PAVLogger@Log4Qt@@@@ABVQString@@I@Z 00408400 f i hierarchy.obj
 0001:00007400       ?findNode@?$QHash@VQString@@V?$LogObjectPtr@VAppender@Log4Qt@@@Log4Qt@@@@ABEPAPAU?$QHashNode@VQString@@V?$LogObjectPtr@VAppender@Log4Qt@@@Log4Qt@@@@ABVQString@@I@Z 00408400 f i propertyconfigurator.obj
 0001:00007400       ?findNode@?$QHash@VQString@@P6APAVFilter@Log4Qt@@XZ@@ABEPAPAU?$QHashNode@VQString@@P6APAVFilter@Log4Qt@@XZ@@ABVQString@@I@Z 00408400 f i factory.obj
 0001:00007400       ?findNode@?$QHash@VQString@@V1@@@ABEPAPAU?$QHashNode@VQString@@V1@@@ABVQString@@I@Z 00408400 f i initialisationhelper.obj
 0001:00007470       ?instance@Factory@Log4Qt@@SAPAV12@XZ 00408470 f   factory.obj
 0001:00007560       ?node_copy@?$QList@VQString@@@@AAEXPAUNode@1@00@Z 00408560 f i factory.obj
 0001:000075a0       ?node_destruct@?$QList@VQString@@@@AAEXPAUNode@1@0@Z 004085a0 f i factory.obj
 0001:000075d0       ?qt_metatype_id@?$QMetaTypeId@VLevel@Log4Qt@@@@SAHXZ 004085d0 f i factory.obj
 0001:00007660       ?registerDefaultAppenders@Factory@Log4Qt@@AAEXXZ 00408660 f   factory.obj
 0001:00007a30       ?registerDefaultFilters@Factory@Log4Qt@@AAEXXZ 00408a30 f   factory.obj
 0001:00007c70       ?registerDefaultLayouts@Factory@Log4Qt@@AAEXXZ 00408c70 f   factory.obj
 0001:00007e30       ?validateObjectProperty@Factory@Log4Qt@@AAE_NAAVQMetaProperty@@ABVQString@@PAVQObject@@@Z 00408e30 f   factory.obj
 0001:00008240       ?warn@Logger@Log4Qt@@QBEXPBD@Z 00409240 f i factory.obj
 0001:000082c0       ??$qMakeForeachContainer@AAVQStringList@@@QtPrivate@@YA?AV?$QForeachContainer@VQStringList@@@0@AAVQStringList@@@Z 004092c0 f i initialisationhelper.obj
 0001:00008300       ??$qRegisterMetaType@VLogError@Log4Qt@@@@YAHPBDPAVLogError@Log4Qt@@W4DefinedType@?$MetaTypeDefinedHelper@VLogError@Log4Qt@@$00@QtPrivate@@@Z 00409300 f i initialisationhelper.obj
 0001:00008370       ??$qRegisterMetaType@VLoggingEvent@Log4Qt@@@@YAHPBDPAVLoggingEvent@Log4Qt@@W4DefinedType@?$MetaTypeDefinedHelper@VLoggingEvent@Log4Qt@@$00@QtPrivate@@@Z 00409370 f i initialisationhelper.obj
 0001:000083e0       ??$qRegisterMetaTypeStreamOperators@VLevel@Log4Qt@@@@YAXPBDPAVLevel@Log4Qt@@@Z 004093e0 f i initialisationhelper.obj
 0001:000084b0       ??$qRegisterMetaTypeStreamOperators@VLogError@Log4Qt@@@@YAXPBDPAVLogError@Log4Qt@@@Z 004094b0 f i initialisationhelper.obj
 0001:00008580       ??$qRegisterMetaTypeStreamOperators@VLoggingEvent@Log4Qt@@@@YAXPBDPAVLoggingEvent@Log4Qt@@@Z 00409580 f i initialisationhelper.obj
 0001:00008650       ??$qRegisterNormalizedMetaType@VLogError@Log4Qt@@@@YAHABVQByteArray@@PAVLogError@Log4Qt@@W4DefinedType@?$MetaTypeDefinedHelper@VLogError@Log4Qt@@$00@QtPrivate@@@Z 00409650 f i initialisationhelper.obj
 0001:00008720       ??$qRegisterNormalizedMetaType@VLoggingEvent@Log4Qt@@@@YAHABVQByteArray@@PAVLoggingEvent@Log4Qt@@W4DefinedType@?$MetaTypeDefinedHelper@VLoggingEvent@Log4Qt@@$00@QtPrivate@@@Z 00409720 f i initialisationhelper.obj
 0001:000087f0       ??0?$QList@VQString@@@@QAE@ABV0@@Z 004097f0 f i initialisationhelper.obj
 0001:000088a0       ??0InitialisationHelper@Log4Qt@@AAE@XZ 004098a0 f   initialisationhelper.obj
 0001:00008960       ??1?$QHash@VQString@@V1@@@QAE@XZ 00409960 f i initialisationhelper.obj
 0001:000089c0       ??_GInitialisationHelper@Log4Qt@@EAEPAXI@Z 004099c0 f i initialisationhelper.obj
 0001:000089c0       ??_EInitialisationHelper@Log4Qt@@EAEPAXI@Z 004099c0 f i initialisationhelper.obj
 0001:00008a50       ?Construct@?$QMetaTypeFunctionHelper@VLogError@Log4Qt@@$00@QtMetaTypePrivate@@SAPAXPAXPBX@Z 00409a50 f i initialisationhelper.obj
 0001:00008ad0       ?Construct@?$QMetaTypeFunctionHelper@VLoggingEvent@Log4Qt@@$00@QtMetaTypePrivate@@SAPAXPAXPBX@Z 00409ad0 f i initialisationhelper.obj
 0001:00008b50       ?Destruct@?$QMetaTypeFunctionHelper@VLogError@Log4Qt@@$00@QtMetaTypePrivate@@SAXPAX@Z 00409b50 f i initialisationhelper.obj
 0001:00008b60       ?Destruct@?$QMetaTypeFunctionHelper@VLoggingEvent@Log4Qt@@$00@QtMetaTypePrivate@@SAXPAX@Z 00409b60 f i initialisationhelper.obj
 0001:00008bf0       ?Load@?$QMetaTypeFunctionHelper@VLevel@Log4Qt@@$00@QtMetaTypePrivate@@SAXAAVQDataStream@@PAX@Z 00409bf0 f i initialisationhelper.obj
 0001:00008c00       ?Load@?$QMetaTypeFunctionHelper@VLogError@Log4Qt@@$00@QtMetaTypePrivate@@SAXAAVQDataStream@@PAX@Z 00409c00 f i initialisationhelper.obj
 0001:00008c10       ?Load@?$QMetaTypeFunctionHelper@VLoggingEvent@Log4Qt@@$00@QtMetaTypePrivate@@SAXAAVQDataStream@@PAX@Z 00409c10 f i initialisationhelper.obj
 0001:00008c20       ?Save@?$QMetaTypeFunctionHelper@VLevel@Log4Qt@@$00@QtMetaTypePrivate@@SAXAAVQDataStream@@PBX@Z 00409c20 f i initialisationhelper.obj
 0001:00008c30       ?Save@?$QMetaTypeFunctionHelper@VLogError@Log4Qt@@$00@QtMetaTypePrivate@@SAXAAVQDataStream@@PBX@Z 00409c30 f i initialisationhelper.obj
 0001:00008c40       ?Save@?$QMetaTypeFunctionHelper@VLoggingEvent@Log4Qt@@$00@QtMetaTypePrivate@@SAXAAVQDataStream@@PBX@Z 00409c40 f i initialisationhelper.obj
 0001:00008c50       ?createNode@?$QHash@VQString@@V1@@@AAEPAU?$QHashNode@VQString@@V1@@@IABVQString@@0PAPAU2@@Z 00409c50 f i initialisationhelper.obj
 0001:00008cc0       ?currentDateTime@DateTime@Log4Qt@@SA?AV12@XZ 00409cc0 f i initialisationhelper.obj
 0001:00008d00       ?doInitialiseEnvironmentSettings@InitialisationHelper@Log4Qt@@AAEXXZ 00409d00 f   initialisationhelper.obj
 0001:000091b0       ?doRegisterTypes@InitialisationHelper@Log4Qt@@AAEXXZ 0040a1b0 f   initialisationhelper.obj
 0001:00009390       ?doSetting@InitialisationHelper@Log4Qt@@ABE?AVQString@@ABV3@0@Z 0040a390 f   initialisationhelper.obj
 0001:00009500       ?environmentSettings@InitialisationHelper@Log4Qt@@SA?AV?$QHash@VQString@@V1@@@XZ 0040a500 f i initialisationhelper.obj
 0001:000095c0       ?fromMilliSeconds@DateTime@Log4Qt@@SA?AV12@_J@Z 0040a5c0 f i initialisationhelper.obj
 0001:00009680       ?insert@?$QHash@VQString@@V1@@@QAE?AViterator@1@ABVQString@@0@Z 0040a680 f i initialisationhelper.obj
 0001:00009760       ?instance@InitialisationHelper@Log4Qt@@SAPAV12@XZ 0040a760 f   initialisationhelper.obj
 0001:000097f0       ?value@?$QHash@VQString@@V1@@@QBE?BVQString@@ABV2@@Z 0040a7f0 f i initialisationhelper.obj
 0001:00009860       ??$qMakeForeachContainer@ABV?$QList@VQVariant@@@@@QtPrivate@@YA?AV?$QForeachContainer@V?$QList@VQVariant@@@@@0@ABV?$QList@VQVariant@@@@@Z 0040a860 f i logerror.obj
 0001:000098a0       ??$readArrayBasedContainer@V?$QList@VLogError@Log4Qt@@@@@QtPrivate@@YAAAVQDataStream@@AAV1@AAV?$QList@VLogError@Log4Qt@@@@@Z 0040a8a0 f i logerror.obj
 0001:00009a50       ??$readArrayBasedContainer@V?$QList@VQVariant@@@@@QtPrivate@@YAAAVQDataStream@@AAV1@AAV?$QList@VQVariant@@@@@Z 0040aa50 f i logerror.obj
 0001:00009b80       ??$writeSequentialContainer@V?$QList@VLogError@Log4Qt@@@@@QtPrivate@@YAAAVQDataStream@@AAV1@ABV?$QList@VLogError@Log4Qt@@@@@Z 0040ab80 f i logerror.obj
 0001:00009bd0       ??$writeSequentialContainer@V?$QList@VQVariant@@@@@QtPrivate@@YAAAVQDataStream@@AAV1@ABV?$QList@VQVariant@@@@@Z 0040abd0 f i logerror.obj
 0001:00009c30       ??0LogError@Log4Qt@@QAE@ABVQString@@H00@Z 0040ac30 f   logerror.obj
 0001:00009cb0       ??0LogError@Log4Qt@@QAE@PBDH00W4Encoding@01@@Z 0040acb0 f   logerror.obj
 0001:00009df0       ??0LogError@Log4Qt@@QAE@XZ 0040adf0 f   logerror.obj
 0001:00009e30       ??1?$QForeachContainer@V?$QList@VQVariant@@@@@QtPrivate@@QAE@XZ 0040ae30 f i logerror.obj
 0001:00009eb0       ??1StreamStateSaver@QtPrivate@@QAE@XZ 0040aeb0 f i logerror.obj
 0001:00009f00       ??4?$QList@VQVariant@@@@QAEAAV0@$$QAV0@@Z 0040af00 f i logerror.obj
 0001:00009fc0       ??5Log4Qt@@YAAAVQDataStream@@AAV1@AAVLogError@0@@Z 0040afc0 f   logerror.obj
 0001:0000a100       ??6Log4Qt@@YAAAVQDataStream@@AAV1@ABVLogError@0@@Z 0040b100 f   logerror.obj
 0001:0000a200       ?cleanMessage@LogError@Log4Qt@@AAE?AVQString@@ABV3@@Z 0040b200 f   logerror.obj
 0001:0000a2e0       ?clear@?$QList@VLogError@Log4Qt@@@@QAEXXZ 0040b2e0 f i logerror.obj
 0001:0000a380       ?clear@?$QList@VQVariant@@@@QAEXXZ 0040b380 f i logerror.obj
 0001:0000a440       ?detach_helper@?$QList@VLogError@Log4Qt@@@@AAEXH@Z 0040b440 f i logerror.obj
 0001:0000a510       ?detach_helper@?$QList@VQVariant@@@@AAEXH@Z 0040b510 f i logerror.obj
 0001:0000a5f0       ?insertArgs@LogError@Log4Qt@@ABE?AVQString@@ABV3@@Z 0040b5f0 f   logerror.obj
 0001:0000a790       ?message@LogError@Log4Qt@@QBE?AVQString@@XZ 0040b790 f i logerror.obj
 0001:0000a790       ?message@LoggingEvent@Log4Qt@@QBE?AVQString@@XZ 0040b790 f i patternformatter.obj
 0001:0000a7b0       ?messageWithArgs@LogError@Log4Qt@@QBE?AVQString@@XZ 0040b7b0 f i logerror.obj
 0001:0000a820       ?toString@LogError@Log4Qt@@QBE?AVQString@@XZ 0040b820 f   logerror.obj
 0001:0000aa30       ?classNameJavaToCpp@OptionConverter@Log4Qt@@SA?AVQString@@ABV3@@Z 0040ba30 f   optionconverter.obj
 0001:0000aab0       ?findAndSubst@OptionConverter@Log4Qt@@SA?AVQString@@ABVProperties@2@ABV3@@Z 0040bab0 f   optionconverter.obj
 0001:0000add0       ?toBoolean@OptionConverter@Log4Qt@@SA_NABVQString@@PA_N@Z 0040bdd0 f   optionconverter.obj
 0001:0000af10       ?toBoolean@OptionConverter@Log4Qt@@SA_NABVQString@@_N@Z 0040bf10 f   optionconverter.obj
 0001:0000af40       ?toFileSize@OptionConverter@Log4Qt@@SA_JABVQString@@PA_N@Z 0040bf40 f   optionconverter.obj
 0001:0000b160       ?toInt@OptionConverter@Log4Qt@@SAHABVQString@@PA_N@Z 0040c160 f   optionconverter.obj
 0001:0000b2a0       ?toLevel@OptionConverter@Log4Qt@@SA?AVLevel@2@ABVQString@@ABV32@@Z 0040c2a0 f   optionconverter.obj
 0001:0000b2e0       ?toLevel@OptionConverter@Log4Qt@@SA?AVLevel@2@ABVQString@@PA_N@Z 0040c2e0 f   optionconverter.obj
 0001:0000b450       ?toQInt64@OptionConverter@Log4Qt@@SA_JABVQString@@PA_N@Z 0040c450 f   optionconverter.obj
 0001:0000b590       ?toTarget@OptionConverter@Log4Qt@@SAHABVQString@@PA_N@Z 0040c590 f   optionconverter.obj
 0001:0000b6b0       ??$qMakeForeachContainer@ABV?$QList@PAVPatternConverter@Log4Qt@@@@@QtPrivate@@YA?AV?$QForeachContainer@V?$QList@PAVPatternConverter@Log4Qt@@@@@0@ABV?$QList@PAVPatternConverter@Log4Qt@@@@@Z 0040c6b0 f i patternformatter.obj
 0001:0000b6b0       ??$qMakeForeachContainer@AAV?$QList@PAVPatternConverter@Log4Qt@@@@@QtPrivate@@YA?AV?$QForeachContainer@V?$QList@PAVPatternConverter@Log4Qt@@@@@0@AAV?$QList@PAVPatternConverter@Log4Qt@@@@@Z 0040c6b0 f i patternformatter.obj
 0001:0000b6f0       ??0?$QList@PAVPatternConverter@Log4Qt@@@@QAE@ABV0@@Z 0040c6f0 f i patternformatter.obj
 0001:0000b7a0       ??0DatePatternConverter@Log4Qt@@QAE@ABVFormattingInfo@1@ABVQString@@@Z 0040c7a0 f i patternformatter.obj
 0001:0000b7e0       ??0MDCPatternConverter@Log4Qt@@QAE@ABVFormattingInfo@1@ABVQString@@@Z 0040c7e0 f i patternformatter.obj
 0001:0000b820       ??0PatternFormatter@Log4Qt@@QAE@ABVQString@@@Z 0040c820 f   patternformatter.obj
 0001:0000b8c0       ??1?$QForeachContainer@V?$QList@PAVPatternConverter@Log4Qt@@@@@QtPrivate@@QAE@XZ 0040c8c0 f i patternformatter.obj
 0001:0000b920       ??1PatternFormatter@Log4Qt@@UAE@XZ 0040c920 f   patternformatter.obj
 0001:0000ba30       ??6Log4Qt@@YA?AVQDebug@@V1@ABVFormattingInfo@0@@Z 0040ca30 f   patternformatter.obj
 0001:0000bb60       ??_EDatePatternConverter@Log4Qt@@UAEPAXI@Z 0040cb60 f i patternformatter.obj
 0001:0000bb60       ??_EMDCPatternConverter@Log4Qt@@UAEPAXI@Z 0040cb60 f i patternformatter.obj
 0001:0000bb60       ??_ELiteralPatternConverter@Log4Qt@@UAEPAXI@Z 0040cb60 f i patternformatter.obj
 0001:0000bb60       ??_GMDCPatternConverter@Log4Qt@@UAEPAXI@Z 0040cb60 f i patternformatter.obj
 0001:0000bb60       ??_GLiteralPatternConverter@Log4Qt@@UAEPAXI@Z 0040cb60 f i patternformatter.obj
 0001:0000bb60       ??_GDatePatternConverter@Log4Qt@@UAEPAXI@Z 0040cb60 f i patternformatter.obj
 0001:0000bb90       ??_GBasicPatternConverter@Log4Qt@@UAEPAXI@Z 0040cb90 f i patternformatter.obj
 0001:0000bb90       ??_ELoggerPatternConverter@Log4Qt@@UAEPAXI@Z 0040cb90 f i patternformatter.obj
 0001:0000bb90       ??_EBasicPatternConverter@Log4Qt@@UAEPAXI@Z 0040cb90 f i patternformatter.obj
 0001:0000bb90       ??_GLoggerPatternConverter@Log4Qt@@UAEPAXI@Z 0040cb90 f i patternformatter.obj
 0001:0000bbc0       ??_EPatternConverter@Log4Qt@@UAEPAXI@Z 0040cbc0 f i patternformatter.obj
 0001:0000bbc0       ??_GPatternConverter@Log4Qt@@UAEPAXI@Z 0040cbc0 f i patternformatter.obj
 0001:0000bbf0       ??_GPatternFormatter@Log4Qt@@UAEPAXI@Z 0040cbf0 f i patternformatter.obj
 0001:0000bbf0       ??_EPatternFormatter@Log4Qt@@UAEPAXI@Z 0040cbf0 f i patternformatter.obj
 0001:0000bc10       ?addDigit@PatternFormatter@Log4Qt@@AAE_NABVQChar@@AAH@Z 0040cc10 f   patternformatter.obj
 0001:0000bc80       ?convert@BasicPatternConverter@Log4Qt@@MBE?AVQString@@ABVLoggingEvent@2@@Z 0040cc80 f   patternformatter.obj
 0001:0000bd20       ?convert@DatePatternConverter@Log4Qt@@MBE?AVQString@@ABVLoggingEvent@2@@Z 0040cd20 f   patternformatter.obj
 0001:0000bda0       ?convert@LiteralPatternConverter@Log4Qt@@MBE?AVQString@@ABVLoggingEvent@2@@Z 0040cda0 f   patternformatter.obj
 0001:0000bdd0       ?convert@LoggerPatternConverter@Log4Qt@@MBE?AVQString@@ABVLoggingEvent@2@@Z 0040cdd0 f   patternformatter.obj
 0001:0000bf00       ?convert@MDCPatternConverter@Log4Qt@@MBE?AVQString@@ABVLoggingEvent@2@@Z 0040cf00 f   patternformatter.obj
 0001:0000bfa0       ?createConverter@PatternFormatter@Log4Qt@@AAEXABVQChar@@ABVFormattingInfo@2@ABVQString@@@Z 0040cfa0 f   patternformatter.obj
 0001:0000c420       ?createLiteralConverter@PatternFormatter@Log4Qt@@AAEXABVQString@@@Z 0040d420 f   patternformatter.obj
 0001:0000c4d0       ?debug@BasicPatternConverter@Log4Qt@@MBE?AVQDebug@@AAV3@@Z 0040d4d0 f   patternformatter.obj
 0001:0000c600       ?debug@DatePatternConverter@Log4Qt@@MBE?AVQDebug@@AAV3@@Z 0040d600 f   patternformatter.obj
 0001:0000c6d0       ?debug@LiteralPatternConverter@Log4Qt@@MBE?AVQDebug@@AAV3@@Z 0040d6d0 f   patternformatter.obj
 0001:0000c7a0       ?debug@LoggerPatternConverter@Log4Qt@@MBE?AVQDebug@@AAV3@@Z 0040d7a0 f   patternformatter.obj
 0001:0000c870       ?debug@MDCPatternConverter@Log4Qt@@MBE?AVQDebug@@AAV3@@Z 0040d870 f   patternformatter.obj
 0001:0000c940       ?format@PatternConverter@Log4Qt@@QBEXAAVQString@@ABVLoggingEvent@2@@Z 0040d940 f   patternformatter.obj
 0001:0000ca30       ?format@PatternFormatter@Log4Qt@@QBE?AVQString@@ABVLoggingEvent@2@@Z 0040da30 f   patternformatter.obj
 0001:0000cb10       ?intToString@FormattingInfo@Log4Qt@@SA?AVQString@@H@Z 0040db10 f   patternformatter.obj
 0001:0000cb90       ?mdc@LoggingEvent@Log4Qt@@QBE?AV?$QHash@VQString@@V1@@@XZ 0040db90 f i patternformatter.obj
 0001:0000cbd0       ?name@Logger@Log4Qt@@QBE?AVQString@@XZ 0040dbd0 f i patternformatter.obj
 0001:0000cbd0       ?footer@Layout@Log4Qt@@QBE?AVQString@@XZ 0040dbd0 f i writerappender.obj
 0001:0000cbf0       ?ndc@LoggingEvent@Log4Qt@@QBE?AVQString@@XZ 0040dbf0 f i patternformatter.obj
 0001:0000cc10       ?node_copy@?$QList@PAVPatternConverter@Log4Qt@@@@AAEXPAUNode@1@00@Z 0040dc10 f i patternformatter.obj
 0001:0000cc10       ?node_copy@?$QList@PAVAppender@Log4Qt@@@@AAEXPAUNode@1@00@Z 0040dc10 f i logger.obj
 0001:0000cc10       ?node_copy@?$QList@PAVLogger@Log4Qt@@@@AAEXPAUNode@1@00@Z 0040dc10 f i hierarchy.obj
 0001:0000cc40       ?parse@PatternFormatter@Log4Qt@@AAEXXZ 0040dc40 f   patternformatter.obj
 0001:0000d140       ?parseIntegerOption@PatternFormatter@Log4Qt@@AAEHABVQString@@@Z 0040e140 f   patternformatter.obj
 0001:0000d340       ?threadName@LoggingEvent@Log4Qt@@QBE?AVQString@@XZ 0040e340 f i patternformatter.obj
 0001:0000d360       ?warn@Logger@Log4Qt@@QBEXPBDABVQString@@H1@Z 0040e360 f i patternformatter.obj
 0001:0000d480       ?keys@?$QHash@VQString@@V1@@@QBE?AV?$QList@VQString@@@@XZ 0040e480 f i properties.obj
 0001:0000d560       ?load@Properties@Log4Qt@@QAEXABVQSettings@@@Z 0040e560 f   properties.obj
 0001:0000d720       ?load@Properties@Log4Qt@@QAEXPAVQIODevice@@@Z 0040e720 f   properties.obj
 0001:0000d960       ?parseProperty@Properties@Log4Qt@@AAEXABVQString@@H@Z 0040e960 f   properties.obj
 0001:0000de20       ?property@Properties@Log4Qt@@QBE?AVQString@@ABV3@@Z 0040ee20 f   properties.obj
 0001:0000df10       ?propertyNames@Properties@Log4Qt@@QBE?AVQStringList@@XZ 0040ef10 f   properties.obj
 0001:0000e120       ?trimLeft@Properties@Log4Qt@@CA?AVQString@@ABV3@@Z 0040f120 f   properties.obj
 0001:0000e180       ?warn@Logger@Log4Qt@@QBEXPBDABVQString@@H@Z 0040f180 f i properties.obj
 0001:0000e270       ?warn@Logger@Log4Qt@@QBEXPBDH@Z 0040f270 f i properties.obj
 0001:0000e330       ??$qMakeForeachContainer@AAV?$QHash@VQString@@PAVLogger@Log4Qt@@@@@QtPrivate@@YA?AV?$QForeachContainer@V?$QHash@VQString@@PAVLogger@Log4Qt@@@@@0@AAV?$QHash@VQString@@PAVLogger@Log4Qt@@@@@Z 0040f330 f i hierarchy.obj
 0001:0000e350       ??0?$QForeachContainer@V?$QHash@VQString@@PAVLogger@Log4Qt@@@@@QtPrivate@@QAE@ABV?$QHash@VQString@@PAVLogger@Log4Qt@@@@@Z 0040f350 f i hierarchy.obj
 0001:0000e3c0       ??0Hierarchy@Log4Qt@@QAE@XZ 0040f3c0 f   hierarchy.obj
 0001:0000e470       ??1?$QForeachContainer@V?$QHash@VQString@@PAVLogger@Log4Qt@@@@@QtPrivate@@QAE@XZ 0040f470 f i hierarchy.obj
 0001:0000e4e0       ??1?$QHash@VQString@@P6APAVAppender@Log4Qt@@XZ@@QAE@XZ 0040f4e0 f i factory.obj
 0001:0000e4e0       ??1?$QHash@VQString@@P6APAVLayout@Log4Qt@@XZ@@QAE@XZ 0040f4e0 f i factory.obj
 0001:0000e4e0       ??1?$QHash@VQString@@P6APAVFilter@Log4Qt@@XZ@@QAE@XZ 0040f4e0 f i factory.obj
 0001:0000e4e0       ??1?$QHash@VQString@@PAVLogger@Log4Qt@@@@QAE@XZ 0040f4e0 f i hierarchy.obj
 0001:0000e540       ??1?$QList@PAVAppender@Log4Qt@@@@QAE@XZ 0040f540 f i hierarchy.obj
 0001:0000e540       ??1?$QList@PAVPatternConverter@Log4Qt@@@@QAE@XZ 0040f540 f i patternformatter.obj
 0001:0000e540       ??1?$QList@PAVLogger@Log4Qt@@@@QAE@XZ 0040f540 f i hierarchy.obj
 0001:0000e5a0       ??1Hierarchy@Log4Qt@@UAE@XZ 0040f5a0 f   hierarchy.obj
 0001:0000e690       ??_EHierarchy@Log4Qt@@UAEPAXI@Z 0040f690 f i hierarchy.obj
 0001:0000e690       ??_GHierarchy@Log4Qt@@UAEPAXI@Z 0040f690 f i hierarchy.obj
 0001:0000e6b0       ?append@?$QList@PAVLogger@Log4Qt@@@@QAEXABQAVLogger@Log4Qt@@@Z 0040f6b0 f i hierarchy.obj
 0001:0000e6b0       ?append@?$QList@PAVAppender@Log4Qt@@@@QAEXABQAVAppender@Log4Qt@@@Z 0040f6b0 f i logger.obj
 0001:0000e6b0       ?append@?$QList@PAVPatternConverter@Log4Qt@@@@QAEXABQAVPatternConverter@Log4Qt@@@Z 0040f6b0 f i patternformatter.obj
 0001:0000e740       ?createLogger@Hierarchy@Log4Qt@@AAEPAVLogger@2@ABVQString@@@Z 0040f740 f   hierarchy.obj
 0001:0000e920       ?debug@Hierarchy@Log4Qt@@MBE?AVQDebug@@AAV3@@Z 0040f920 f   hierarchy.obj
 0001:0000eb20       ?detach@?$QHash@VQString@@PAVLogger@Log4Qt@@@@QAEXXZ 0040fb20 f i hierarchy.obj
 0001:0000eb80       ?detach_helper@?$QList@PAVLogger@Log4Qt@@@@AAEXH@Z 0040fb80 f i hierarchy.obj
 0001:0000ec50       ?exists@Hierarchy@Log4Qt@@UBE_NABVQString@@@Z 0040fc50 f   hierarchy.obj
 0001:0000ecb0       ?insert@?$QHash@VQString@@P6APAVLayout@Log4Qt@@XZ@@QAE?AViterator@1@ABVQString@@ABQ6APAVLayout@Log4Qt@@XZ@Z 0040fcb0 f i factory.obj
 0001:0000ecb0       ?insert@?$QHash@VQString@@P6APAVFilter@Log4Qt@@XZ@@QAE?AViterator@1@ABVQString@@ABQ6APAVFilter@Log4Qt@@XZ@Z 0040fcb0 f i factory.obj
 0001:0000ecb0       ?insert@?$QHash@VQString@@PAVLogger@Log4Qt@@@@QAE?AViterator@1@ABVQString@@ABQAVLogger@Log4Qt@@@Z 0040fcb0 f i hierarchy.obj
 0001:0000ecb0       ?insert@?$QHash@VQString@@P6APAVAppender@Log4Qt@@XZ@@QAE?AViterator@1@ABVQString@@ABQ6APAVAppender@Log4Qt@@XZ@Z 0040fcb0 f i factory.obj
 0001:0000ed90       ?isDisabled@Hierarchy@Log4Qt@@UAE_NVLevel@2@@Z 0040fd90 f i hierarchy.obj
 0001:0000edb0       ?logger@Hierarchy@Log4Qt@@UAEPAVLogger@2@ABVQString@@@Z 0040fdb0 f   hierarchy.obj
 0001:0000ee20       ?loggers@Hierarchy@Log4Qt@@UBE?AV?$QList@PAVLogger@Log4Qt@@@@XZ 0040fe20 f   hierarchy.obj
 0001:0000ee90       ?resetConfiguration@Hierarchy@Log4Qt@@UAEXXZ 0040fe90 f   hierarchy.obj
 0001:0000f070       ?rootLogger@Hierarchy@Log4Qt@@UBEPAVLogger@2@XZ 00410070 f i hierarchy.obj
 0001:0000f080       ?setThreshold@Hierarchy@Log4Qt@@UAEXABVQString@@@Z 00410080 f   hierarchy.obj
 0001:0000f0b0       ?setThreshold@Hierarchy@Log4Qt@@UAEXVLevel@2@@Z 004100b0 f i hierarchy.obj
 0001:0000f0c0       ?shutdown@Hierarchy@Log4Qt@@UAEXXZ 004100c0 f   hierarchy.obj
 0001:0000f0d0       ?threshold@Hierarchy@Log4Qt@@UBE?AVLevel@2@XZ 004100d0 f i hierarchy.obj
 0001:0000f0e0       ?values@?$QHash@VQString@@PAVLogger@Log4Qt@@@@QBE?AV?$QList@PAVLogger@Log4Qt@@@@XZ 004100e0 f i hierarchy.obj
 0001:0000f1c0       ?contentType@Layout@Log4Qt@@UBE?AVQString@@XZ 004101c0 f   layout.obj
 0001:0000f1f0       ?endOfLine@Layout@Log4Qt@@SA?AVQString@@XZ 004101f0 f   layout.obj
 0001:0000f210       ??5Log4Qt@@YAAAVQDataStream@@AAV1@AAVLevel@0@@Z 00410210 f   level.obj
 0001:0000f240       ??6Log4Qt@@YA?AVQDebug@@V1@ABVLevel@0@@Z 00410240 f   level.obj
 0001:0000f300       ??6Log4Qt@@YAAAVQDataStream@@AAV1@ABVLevel@0@@Z 00410300 f   level.obj
 0001:0000f320       ?fromString@Level@Log4Qt@@SA?AV12@ABVQString@@PA_N@Z 00410320 f   level.obj
 0001:0000f790       ?toString@Level@Log4Qt@@QBE?AVQString@@XZ 00410790 f   level.obj
 0001:0000f950       ??$qMakeForeachContainer@ABV?$QList@V?$LogObjectPtr@VAppender@Log4Qt@@@Log4Qt@@@@@QtPrivate@@YA?AV?$QForeachContainer@V?$QList@V?$LogObjectPtr@VAppender@Log4Qt@@@Log4Qt@@@@@0@ABV?$QList@V?$LogObjectPtr@VAppender@Log4Qt@@@Log4Qt@@@@@Z 00410950 f i logger.obj
 0001:0000f990       ??0?$QList@V?$LogObjectPtr@VAppender@Log4Qt@@@Log4Qt@@@@QAE@ABV0@@Z 00410990 f i logger.obj
 0001:0000fa40       ??0?$QMutableListIterator@V?$LogObjectPtr@VAppender@Log4Qt@@@Log4Qt@@@@QAE@AAV?$QList@V?$LogObjectPtr@VAppender@Log4Qt@@@Log4Qt@@@@@Z 00410a40 f i logger.obj
 0001:0000fab0       ??0Logger@Log4Qt@@IAE@PAVLoggerRepository@1@VLevel@1@ABVQString@@PAV01@@Z 00410ab0 f   logger.obj
 0001:0000fb50       ??1?$QForeachContainer@V?$QList@V?$LogObjectPtr@VAppender@Log4Qt@@@Log4Qt@@@@@QtPrivate@@QAE@XZ 00410b50 f i logger.obj
 0001:0000fbd0       ??1?$QList@V?$LogObjectPtr@VAppender@Log4Qt@@@Log4Qt@@@@QAE@XZ 00410bd0 f i logger.obj
 0001:0000fc50       ??1Logger@Log4Qt@@MAE@XZ   00410c50 f   logger.obj
 0001:0000fd10       ??1LoggingEvent@Log4Qt@@QAE@XZ 00410d10 f i logger.obj
 0001:0000fda0       ??4?$QList@V?$LogObjectPtr@VAppender@Log4Qt@@@Log4Qt@@@@QAEAAV0@$$QAV0@@Z 00410da0 f i logger.obj
 0001:0000fe40       ??_ELogger@Log4Qt@@MAEPAXI@Z 00410e40 f i logger.obj
 0001:0000fe40       ??_GLogger@Log4Qt@@MAEPAXI@Z 00410e40 f i logger.obj
 0001:0000fe60       ?addAppender@Logger@Log4Qt@@QAEXPAVAppender@2@@Z 00410e60 f   logger.obj
 0001:00010000       ?append@?$QList@V?$LogObjectPtr@VAppender@Log4Qt@@@Log4Qt@@@@QAEXABV?$LogObjectPtr@VAppender@Log4Qt@@@Log4Qt@@@Z 00411000 f i logger.obj
 0001:000100c0       ?appenders@Logger@Log4Qt@@QBE?AV?$QList@PAVAppender@Log4Qt@@@@XZ 004110c0 f   logger.obj
 0001:00010210       ?callAppenders@Logger@Log4Qt@@QBEXABVLoggingEvent@2@@Z 00411210 f   logger.obj
 0001:00010350       ?clear@?$QList@V?$LogObjectPtr@VAppender@Log4Qt@@@Log4Qt@@@@QAEXXZ 00411350 f i logger.obj
 0001:000103e0       ?debug@Logger@Log4Qt@@MBE?AVQDebug@@AAV3@@Z 004113e0 f   logger.obj
 0001:00010590       ?detach_helper@?$QList@V?$LogObjectPtr@VAppender@Log4Qt@@@Log4Qt@@@@AAEXH@Z 00411590 f i logger.obj
 0001:00010670       ?detach_helper_grow@?$QList@PAVLogger@Log4Qt@@@@AAEPAUNode@1@HH@Z 00411670 f i hierarchy.obj
 0001:00010670       ?detach_helper_grow@?$QList@PAVPatternConverter@Log4Qt@@@@AAEPAUNode@1@HH@Z 00411670 f i patternformatter.obj
 0001:00010670       ?detach_helper_grow@?$QList@PAVAppender@Log4Qt@@@@AAEPAUNode@1@HH@Z 00411670 f i logger.obj
 0001:000107b0       ?detach_helper_grow@?$QList@V?$LogObjectPtr@VAppender@Log4Qt@@@Log4Qt@@@@AAEPAUNode@1@HH@Z 004117b0 f i logger.obj
 0001:00010920       ?effectiveLevel@Logger@Log4Qt@@QBE?AVLevel@2@XZ 00411920 f   logger.obj
 0001:00010990       ?erase@?$QList@V?$LogObjectPtr@VAppender@Log4Qt@@@Log4Qt@@@@QAE?AViterator@1@V21@@Z 00411990 f i logger.obj
 0001:00010a20       ?forcedLog@Logger@Log4Qt@@IBEXVLevel@2@ABVQString@@@Z 00411a20 f   logger.obj
 0001:00010af0       ?isEnabledFor@Logger@Log4Qt@@QBE_NVLevel@2@@Z 00411af0 f   logger.obj
 0001:00010b30       ?logger@Logger@Log4Qt@@SAPAV12@ABVQString@@@Z 00411b30 f   logger.obj
 0001:00010b40       ?logger@Logger@Log4Qt@@SAPAV12@PBD@Z 00411b40 f   logger.obj
 0001:00010bc0       ?node_copy@?$QList@V?$LogObjectPtr@VAppender@Log4Qt@@@Log4Qt@@@@AAEXPAUNode@1@00@Z 00411bc0 f i logger.obj
 0001:00010c00       ?node_destruct@?$QList@V?$LogObjectPtr@VAppender@Log4Qt@@@Log4Qt@@@@AAEXPAUNode@1@0@Z 00411c00 f i logger.obj
 0001:00010c40       ?node_destruct@?$QList@V?$LogObjectPtr@VAppender@Log4Qt@@@Log4Qt@@@@AAEXPAUNode@1@@Z 00411c40 f i logger.obj
 0001:00010c70       ?removeAll@?$QList@V?$LogObjectPtr@VAppender@Log4Qt@@@Log4Qt@@@@QAEHABV?$LogObjectPtr@VAppender@Log4Qt@@@Log4Qt@@@Z 00411c70 f i logger.obj
 0001:00010df0       ?removeAllAppenders@Logger@Log4Qt@@QAEXXZ 00411df0 f   logger.obj
 0001:00010fd0       ?removeAppender@Logger@Log4Qt@@QAEXPAVAppender@2@@Z 00411fd0 f   logger.obj
 0001:00011100       ?setLevel@Logger@Log4Qt@@UAEXVLevel@2@@Z 00412100 f   logger.obj
 0001:00011150       ?warn@Logger@Log4Qt@@QBEXPBDABVQString@@1@Z 00412150 f i logger.obj
 0001:00011210       ??$readAssociativeContainer@V?$QHash@VQString@@V1@@@@QtPrivate@@YAAAVQDataStream@@AAV1@AAV?$QHash@VQString@@V1@@@@Z 00412210 f i loggingevent.obj
 0001:00011350       ??$writeAssociativeContainer@V?$QHash@VQString@@V1@@@@QtPrivate@@YAAAVQDataStream@@AAV1@ABV?$QHash@VQString@@V1@@@@Z 00412350 f i loggingevent.obj
 0001:000113c0       ??0LoggingEvent@Log4Qt@@QAE@PBVLogger@1@VLevel@1@ABVQString@@@Z 004123c0 f   loggingevent.obj
 0001:00011520       ??0LoggingEvent@Log4Qt@@QAE@XZ 00412520 f   loggingevent.obj
 0001:00011670       ??5Log4Qt@@YAAAVQDataStream@@AAV1@AAVLoggingEvent@0@@Z 00412670 f   loggingevent.obj
 0001:000117d0       ??6Log4Qt@@YAAAVQDataStream@@AAV1@ABVLoggingEvent@0@@Z 004127d0 f   loggingevent.obj
 0001:00011900       ??H@YA?BVQString@@ABV0@VQChar@@@Z 00412900 f i loggingevent.obj
 0001:00011970       ?clear@?$QHash@VQString@@V1@@@QAEXXZ 00412970 f i loggingevent.obj
 0001:00011a10       ?insertMulti@?$QHash@VQString@@V1@@@QAE?AViterator@1@ABVQString@@0@Z 00412a10 f i loggingevent.obj
 0001:00011b10       ?loggerName@LoggingEvent@Log4Qt@@QBE?AVQString@@XZ 00412b10 f   loggingevent.obj
 0001:00011b50       ?sequence_guard@Log4Qt@@YAPAVQMutex@@XZ 00412b50 f   loggingevent.obj
 0001:00011be0       ??$qMakeForeachContainer@V?$QList@VQString@@@@@QtPrivate@@YA?AV?$QForeachContainer@V?$QList@VQString@@@@@0@$$QAV?$QList@VQString@@@@@Z 00412be0 f i logmanager.obj
 0001:00011be0       ??$qMakeForeachContainer@VQStringList@@@QtPrivate@@YA?AV?$QForeachContainer@VQStringList@@@0@$$QAVQStringList@@@Z 00412be0 f i logmanager.obj
 0001:00011c20       ??0LogManager@Log4Qt@@AAE@XZ 00412c20 f   logmanager.obj
 0001:00011ca0       ??1LogManager@Log4Qt@@EAE@XZ 00412ca0 f   logmanager.obj
 0001:00011d60       ??_GLogManager@Log4Qt@@EAEPAXI@Z 00412d60 f i logmanager.obj
 0001:00011d60       ??_ELogManager@Log4Qt@@EAEPAXI@Z 00412d60 f i logmanager.obj
 0001:00011d80       ?debug@Logger@Log4Qt@@QBEXPBD@Z 00412d80 f i logmanager.obj
 0001:00011e00       ?debug@Logger@Log4Qt@@QBEXPBDABVQString@@@Z 00412e00 f i logmanager.obj
 0001:00011eb0       ?doConfigureLogLogger@LogManager@Log4Qt@@AAEXXZ 00412eb0 f   logmanager.obj
 0001:00012240       ?doSetHandleQtMessages@LogManager@Log4Qt@@AAEX_N@Z 00413240 f   logmanager.obj
 0001:00012350       ?doStartup@LogManager@Log4Qt@@AAEXXZ 00413350 f   logmanager.obj
 0001:00012720       ?info@Logger@Log4Qt@@QBEXPBDABVQString@@@Z 00413720 f i logmanager.obj
 0001:000127d0       ?instance@LogManager@Log4Qt@@SAPAV12@XZ 004137d0 f   logmanager.obj
 0001:000128a0       ?logger@LogManager@Log4Qt@@SAPAVLogger@2@ABVQString@@@Z 004138a0 f   logmanager.obj
 0001:000128c0       ?qtMessageHandler@LogManager@Log4Qt@@CAXW4QtMsgType@@ABVQMessageLogContext@@ABVQString@@@Z 004138c0 f   logmanager.obj
 0001:00012a20       ?resetConfiguration@LogManager@Log4Qt@@SAXXZ 00413a20 f   logmanager.obj
 0001:00012a50       ?setting@InitialisationHelper@Log4Qt@@SA?AVQString@@ABV3@0@Z 00413a50 f i logmanager.obj
 0001:00012a80       ?shutdown@LogManager@Log4Qt@@SAXXZ 00413a80 f   logmanager.obj
 0001:00012a90       ?singleton_guard@Log4Qt@@YAPAVQMutex@@XZ 00413a90 f   logmanager.obj
 0001:00012b50       ?trace@Logger@Log4Qt@@QBEXPBD@Z 00413b50 f i logmanager.obj
 0001:00012bd0       ?welcome@LogManager@Log4Qt@@AAEXXZ 00413bd0 f   logmanager.obj
 0001:00013900       ?context@MDC@Log4Qt@@SA?AV?$QHash@VQString@@V1@@@XZ 00414900 f   mdc.obj
 0001:00013980       ?deleteData@?$QThreadStorage@PAV?$QHash@VQString@@V1@@@@@CAXPAX@Z 00414980 f i mdc.obj
 0001:00013a00       ?instance@MDC@Log4Qt@@SAPAV12@XZ 00414a00 f   mdc.obj
 0001:00013aa0       ??1?$QVector@VQString@@@@QAE@XZ 00414aa0 f i ndc.obj
 0001:00013b00       ?deallocate@?$QTypedArrayData@VQString@@@@SAXPAUQArrayData@@@Z 00414b00 f i ndc.obj
 0001:00013b20       ?defaultConstruct@?$QVector@VQString@@@@AAEXPAVQString@@0@Z 00414b20 f i ndc.obj
 0001:00013b50       ?deleteData@?$QThreadStorage@PAV?$QStack@VQString@@@@@@CAXPAX@Z 00414b50 f i ndc.obj
 0001:00013b70       ?destruct@?$QVector@VQString@@@@AAEXPAVQString@@0@Z 00414b70 f i ndc.obj
 0001:00013ba0       ?freeData@?$QVector@VQString@@@@AAEXPAU?$QTypedArrayData@VQString@@@@@Z 00414ba0 f i ndc.obj
 0001:00013bf0       ?instance@NDC@Log4Qt@@SAPAV12@XZ 00414bf0 f   ndc.obj
 0001:00013c90       ?peek@NDC@Log4Qt@@SA?AVQString@@XZ 00414c90 f   ndc.obj
 0001:00013d20       ?reallocData@?$QVector@VQString@@@@AAEXHHV?$QFlags@W4AllocationOption@QArrayData@@@@@Z 00414d20 f i ndc.obj
 0001:00013f50       ?top@?$QStack@VQString@@@@QAEAAVQString@@XZ 00414f50 f i ndc.obj
 0001:00014010       ??0PatternLayout@Log4Qt@@QAE@PAVQObject@@@Z 00415010 f   patternlayout.obj
 0001:00014110       ??_GPatternLayout@Log4Qt@@UAEPAXI@Z 00415110 f i patternlayout.obj
 0001:00014110       ??_EPatternLayout@Log4Qt@@UAEPAXI@Z 00415110 f i patternlayout.obj
 0001:00014170       ?conversionPattern@PatternLayout@Log4Qt@@QBE?AVQString@@XZ 00415170 f i patternlayout.obj
 0001:00014170       ?stringToMatch@StringMatchFilter@Log4Qt@@QBE?AVQString@@XZ 00415170 f i moc_stringmatchfilter.obj
 0001:00014190       ?debug@PatternLayout@Log4Qt@@MBE?AVQDebug@@AAV3@@Z 00415190 f   patternlayout.obj
 0001:000142b0       ?format@PatternLayout@Log4Qt@@UAE?AVQString@@ABVLoggingEvent@2@@Z 004152b0 f   patternlayout.obj
 0001:000142e0       ?updatePatternFormatter@PatternLayout@Log4Qt@@AAEXXZ 004152e0 f   patternlayout.obj
 0001:00014350       ??1?$LogObjectPtr@VLayout@Log4Qt@@@Log4Qt@@QAE@XZ 00415350 f i propertyconfigurator.obj
 0001:00014350       ??1?$LogObjectPtr@VAppender@Log4Qt@@@Log4Qt@@QAE@XZ 00415350 f i logger.obj
 0001:00014380       ??1Properties@Log4Qt@@QAE@XZ 00415380 f i propertyconfigurator.obj
 0001:000143f0       ??1PropertyConfigurator@Log4Qt@@QAE@XZ 004153f0 f i propertyconfigurator.obj
 0001:00014480       ?clear@?$QHash@VQString@@V?$LogObjectPtr@VAppender@Log4Qt@@@Log4Qt@@@@QAEXXZ 00415480 f i propertyconfigurator.obj
 0001:00014520       ?configure@PropertyConfigurator@Log4Qt@@SA_NABVQSettings@@@Z 00415520 f   propertyconfigurator.obj
 0001:000145f0       ?configure@PropertyConfigurator@Log4Qt@@SA_NABVQString@@@Z 004155f0 f   propertyconfigurator.obj
 0001:000146c0       ?configureFromFile@PropertyConfigurator@Log4Qt@@AAEXABVQString@@PAVLoggerRepository@2@@Z 004156c0 f   propertyconfigurator.obj
 0001:00014a30       ?configureFromSettings@PropertyConfigurator@Log4Qt@@AAEXABVQSettings@@PAVLoggerRepository@2@@Z 00415a30 f   propertyconfigurator.obj
 0001:00014b00       ?configureGlobalSettings@PropertyConfigurator@Log4Qt@@ABEXABVProperties@2@PAVLoggerRepository@2@@Z 00415b00 f   propertyconfigurator.obj
 0001:00014fc0       ?configureNonRootElements@PropertyConfigurator@Log4Qt@@AAEXABVProperties@2@PAVLoggerRepository@2@@Z 00415fc0 f   propertyconfigurator.obj
 0001:00015260       ?configureRootLogger@PropertyConfigurator@Log4Qt@@AAEXABVProperties@2@PAVLoggerRepository@2@@Z 00416260 f   propertyconfigurator.obj
 0001:00015440       ?createNode@?$QHash@VQString@@V?$LogObjectPtr@VAppender@Log4Qt@@@Log4Qt@@@@AAEPAU?$QHashNode@VQString@@V?$LogObjectPtr@VAppender@Log4Qt@@@Log4Qt@@@@IABVQString@@ABV?$LogObjectPtr@VAppender@Log4Qt@@@Log4Qt@@PAPAU2@@Z 00416440 f i propertyconfigurator.obj
 0001:000154b0       ?deleteNode2@?$QHash@VQString@@V?$LogObjectPtr@VAppender@Log4Qt@@@Log4Qt@@@@CAXPAUNode@QHashData@@@Z 004164b0 f i propertyconfigurator.obj
 0001:000154e0       ?duplicateNode@?$QHash@VQString@@V?$LogObjectPtr@VAppender@Log4Qt@@@Log4Qt@@@@CAXPAUNode@QHashData@@PAX@Z 004164e0 f i propertyconfigurator.obj
 0001:00015520       ?insert@?$QHash@VQString@@V?$LogObjectPtr@VAppender@Log4Qt@@@Log4Qt@@@@QAE?AViterator@1@ABVQString@@ABV?$LogObjectPtr@VAppender@Log4Qt@@@Log4Qt@@@Z 00416520 f i propertyconfigurator.obj
 0001:00015640       ?parseAdditivityForLogger@PropertyConfigurator@Log4Qt@@ABEXABVProperties@2@PAVLogger@2@ABVQString@@@Z 00416640 f   propertyconfigurator.obj
 0001:000157c0       ?parseAppender@PropertyConfigurator@Log4Qt@@AAE?AV?$LogObjectPtr@VAppender@Log4Qt@@@2@ABVProperties@2@ABVQString@@@Z 004167c0 f   propertyconfigurator.obj
 0001:00015c10       ?parseLayout@PropertyConfigurator@Log4Qt@@AAE?AV?$LogObjectPtr@VLayout@Log4Qt@@@2@ABVProperties@2@ABVQString@@@Z 00416c10 f   propertyconfigurator.obj
 0001:00015f70       ?parseLogger@PropertyConfigurator@Log4Qt@@AAEXABVProperties@2@PAVLogger@2@ABVQString@@2@Z 00416f70 f   propertyconfigurator.obj
 0001:00016280       ?setProperties@PropertyConfigurator@Log4Qt@@AAEXABVProperties@2@ABVQString@@ABVQStringList@@PAVQObject@@@Z 00417280 f   propertyconfigurator.obj
 0001:000165f0       ?startCaptureErrors@PropertyConfigurator@Log4Qt@@AAEXXZ 004175f0 f   propertyconfigurator.obj
 0001:00016700       ?stopCaptureErrors@PropertyConfigurator@Log4Qt@@AAE_NXZ 00417700 f   propertyconfigurator.obj
 0001:000168b0       ?value@?$QHash@VQString@@V?$LogObjectPtr@VAppender@Log4Qt@@@Log4Qt@@@@QBE?BV?$LogObjectPtr@VAppender@Log4Qt@@@Log4Qt@@ABVQString@@@Z 004178b0 f i propertyconfigurator.obj
 0001:00016920       ??0RollingFileAppender@Log4Qt@@QAE@PAVQObject@@@Z 00417920 f   rollingfileappender.obj
 0001:00016960       ??_GRollingFileAppender@Log4Qt@@UAEPAXI@Z 00417960 f i rollingfileappender.obj
 0001:00016960       ??_ERollingFileAppender@Log4Qt@@UAEPAXI@Z 00417960 f i rollingfileappender.obj
 0001:000169d0       ?append@RollingFileAppender@Log4Qt@@MAEXABVLoggingEvent@2@@Z 004179d0 f   rollingfileappender.obj
 0001:00016a10       ?debug@Logger@Log4Qt@@QBEXPBDH@Z 00417a10 f i rollingfileappender.obj
 0001:00016ad0       ?debug@RollingFileAppender@Log4Qt@@MBE?AVQDebug@@AAV3@@Z 00417ad0 f   rollingfileappender.obj
 0001:00016f80       ?rollOver@RollingFileAppender@Log4Qt@@AAEXXZ 00417f80 f   rollingfileappender.obj
 0001:000172b0       ?setMaxFileSize@RollingFileAppender@Log4Qt@@QAEXABVQString@@@Z 004182b0 f   rollingfileappender.obj
 0001:00017300       ?debug@SimpleLayout@Log4Qt@@MBE?AVQDebug@@AAV3@@Z 00418300 f   simplelayout.obj
 0001:000173e0       ?format@SimpleLayout@Log4Qt@@UAE?AVQString@@ABVLoggingEvent@2@@Z 004183e0 f   simplelayout.obj
 0001:000174e0       ?setNext@Filter@Log4Qt@@QAEXPAV12@@Z 004184e0 f   filter.obj
 0001:00017520       ??0TTCCLayout@Log4Qt@@QAE@PAVQObject@@@Z 00418520 f   ttcclayout.obj
 0001:00017600       ??_GTTCCLayout@Log4Qt@@UAEPAXI@Z 00418600 f i ttcclayout.obj
 0001:00017600       ??_ETTCCLayout@Log4Qt@@UAEPAXI@Z 00418600 f i ttcclayout.obj
 0001:00017660       ?dateFormat@TTCCLayout@Log4Qt@@QBE?AVQString@@XZ 00418660 f i ttcclayout.obj
 0001:00017680       ?debug@TTCCLayout@Log4Qt@@MBE?AVQDebug@@AAV3@@Z 00418680 f   ttcclayout.obj
 0001:00017820       ?format@TTCCLayout@Log4Qt@@UAE?AVQString@@ABVLoggingEvent@2@@Z 00418820 f   ttcclayout.obj
 0001:00017850       ?updatePatternFormatter@TTCCLayout@Log4Qt@@AAEXXZ 00418850 f   ttcclayout.obj
 0001:000179b0       ??0WriterAppender@Log4Qt@@QAE@PAVLayout@1@PAVQObject@@@Z 004189b0 f   writerappender.obj
 0001:00017a70       ??0WriterAppender@Log4Qt@@QAE@PAVQObject@@@Z 00418a70 f   writerappender.obj
 0001:00017ae0       ??1WriterAppender@Log4Qt@@UAE@XZ 00418ae0 f   writerappender.obj
 0001:00017b70       ??_EWriterAppender@Log4Qt@@UAEPAXI@Z 00418b70 f i writerappender.obj
 0001:00017b70       ??_GWriterAppender@Log4Qt@@UAEPAXI@Z 00418b70 f i writerappender.obj
 0001:00017c10       ?activateOptions@WriterAppender@Log4Qt@@UAEXXZ 00418c10 f   writerappender.obj
 0001:00017d40       ?append@WriterAppender@Log4Qt@@MAEXABVLoggingEvent@2@@Z 00418d40 f   writerappender.obj
 0001:00017dd0       ?checkEntryConditions@WriterAppender@Log4Qt@@MBE_NXZ 00418dd0 f   writerappender.obj
 0001:00017ee0       ?close@WriterAppender@Log4Qt@@UAEXXZ 00418ee0 f   writerappender.obj
 0001:00017f60       ?debug@WriterAppender@Log4Qt@@MBE?AVQDebug@@AAV3@@Z 00418f60 f   writerappender.obj
 0001:000182a0       ?requiresLayout@NullAppender@Log4Qt@@UBE_NXZ 004192a0 f   nullappender.obj
 0001:000182a0       ?handleIoErrors@WriterAppender@Log4Qt@@MBE_NXZ 004192a0 f   writerappender.obj
 0001:000182a0       ?requiresLayout@ListAppender@Log4Qt@@UBE_NXZ 004192a0 f   listappender.obj
 0001:000182b0       ?header@Layout@Log4Qt@@QBE?AVQString@@XZ 004192b0 f i writerappender.obj
 0001:000182d0       ___scrt_stub_for_acrt_uninitialize 004192d0 f   MSVCRT:ucrt_stubs.obj
 0001:000182d0       ___scrt_stub_for_acrt_initialize 004192d0 f   MSVCRT:ucrt_stubs.obj
 0001:000182d0       ___vcrt_uninitialize       004192d0 f   MSVCRT:ucrt_stubs.obj
 0001:000182d0       ?requiresLayout@DebugAppender@Log4Qt@@UBE_NXZ 004192d0 f   debugappender.obj
 0001:000182d0       __should_initialize_environment 004192d0 f   MSVCRT:env_mode.obj
 0001:000182d0       ?requiresLayout@WriterAppender@Log4Qt@@UBE_NXZ 004192d0 f   writerappender.obj
 0001:000182d0       ___acrt_initialize         004192d0 f   MSVCRT:ucrt_stubs.obj
 0001:000182d0       ___vcrt_initialize         004192d0 f   MSVCRT:ucrt_stubs.obj
 0001:000182d0       ___acrt_uninitialize       004192d0 f   MSVCRT:ucrt_stubs.obj
 0001:000182e0       ?setEncoding@WriterAppender@Log4Qt@@QAEXPAVQTextCodec@@@Z 004192e0 f   writerappender.obj
 0001:00018370       ?setWriter@WriterAppender@Log4Qt@@QAEXPAVQTextStream@@@Z 00419370 f   writerappender.obj
 0001:00018400       ?writeFooter@WriterAppender@Log4Qt@@IBEXXZ 00419400 f   writerappender.obj
 0001:000184b0       ?writeHeader@WriterAppender@Log4Qt@@IBEXXZ 004194b0 f   writerappender.obj
 0001:00018560       ?append@DebugAppender@Log4Qt@@MAEXABVLoggingEvent@2@@Z 00419560 f   debugappender.obj
 0001:000185d0       ?debug@DebugAppender@Log4Qt@@MBE?AVQDebug@@AAV3@@Z 004195d0 f   debugappender.obj
 0001:00018820       ?debug@DenyAllFilter@Log4Qt@@MBE?AVQDebug@@AAV3@@Z 00419820 f   denyallfilter.obj
 0001:00018900       ??0NullAppender@Log4Qt@@QAE@PAVQObject@@@Z 00419900 f   nullappender.obj
 0001:00018920       ??_ENullAppender@Log4Qt@@UAEPAXI@Z 00419920 f i nullappender.obj
 0001:00018920       ??_GNullAppender@Log4Qt@@UAEPAXI@Z 00419920 f i nullappender.obj
 0001:00018990       ?append@NullAppender@Log4Qt@@MAEXABVLoggingEvent@2@@Z 00419990 f   nullappender.obj
 0001:000189a0       ?debug@NullAppender@Log4Qt@@MBE?AVQDebug@@AAV3@@Z 004199a0 f   nullappender.obj
 0001:00018b70       ??0LevelMatchFilter@Log4Qt@@QAE@PAVQObject@@@Z 00419b70 f   levelmatchfilter.obj
 0001:00018bf0       ??_GLevelMatchFilter@Log4Qt@@UAEPAXI@Z 00419bf0 f i levelmatchfilter.obj
 0001:00018bf0       ??_ELevelMatchFilter@Log4Qt@@UAEPAXI@Z 00419bf0 f i levelmatchfilter.obj
 0001:00018c40       ?debug@LevelMatchFilter@Log4Qt@@MBE?AVQDebug@@AAV3@@Z 00419c40 f   levelmatchfilter.obj
 0001:00018d90       ?decide@LevelMatchFilter@Log4Qt@@UBE?AW4Decision@Filter@2@ABVLoggingEvent@2@@Z 00419d90 f   levelmatchfilter.obj
 0001:00018dd0       ??0LevelRangeFilter@Log4Qt@@QAE@PAVQObject@@@Z 00419dd0 f   levelrangefilter.obj
 0001:00018e60       ??_GLevelRangeFilter@Log4Qt@@UAEPAXI@Z 00419e60 f i levelrangefilter.obj
 0001:00018e60       ??_ELevelRangeFilter@Log4Qt@@UAEPAXI@Z 00419e60 f i levelrangefilter.obj
 0001:00018eb0       ?debug@LevelRangeFilter@Log4Qt@@MBE?AVQDebug@@AAV3@@Z 00419eb0 f   levelrangefilter.obj
 0001:00019040       ?decide@LevelRangeFilter@Log4Qt@@UBE?AW4Decision@Filter@2@ABVLoggingEvent@2@@Z 0041a040 f   levelrangefilter.obj
 0001:00019080       ??0ListAppender@Log4Qt@@QAE@PAVQObject@@@Z 0041a080 f   listappender.obj
 0001:000190c0       ??1ListAppender@Log4Qt@@UAE@XZ 0041a0c0 f   listappender.obj
 0001:00019150       ??_EListAppender@Log4Qt@@UAEPAXI@Z 0041a150 f i listappender.obj
 0001:00019150       ??_GListAppender@Log4Qt@@UAEPAXI@Z 0041a150 f i listappender.obj
 0001:00019170       ?append@?$QList@VLoggingEvent@Log4Qt@@@@QAEXABVLoggingEvent@Log4Qt@@@Z 0041a170 f i listappender.obj
 0001:00019230       ?append@ListAppender@Log4Qt@@MAEXABVLoggingEvent@2@@Z 0041a230 f   listappender.obj
 0001:00019260       ?debug@ListAppender@Log4Qt@@MBE?AVQDebug@@AAV3@@Z 0041a260 f   listappender.obj
 0001:000194f0       ?detach_helper@?$QList@VLoggingEvent@Log4Qt@@@@AAEXH@Z 0041a4f0 f i listappender.obj
 0001:000195d0       ?detach_helper_grow@?$QList@VLoggingEvent@Log4Qt@@@@AAEPAUNode@1@HH@Z 0041a5d0 f i listappender.obj
 0001:00019740       ?ensureMaxCount@ListAppender@Log4Qt@@IAEXXZ 0041a740 f   listappender.obj
 0001:00019890       ?list@ListAppender@Log4Qt@@QBE?AV?$QList@VLoggingEvent@Log4Qt@@@@XZ 0041a890 f   listappender.obj
 0001:00019910       ?setMaxCount@ListAppender@Log4Qt@@QAEXH@Z 0041a910 f   listappender.obj
 0001:000199c0       ??0StringMatchFilter@Log4Qt@@QAE@PAVQObject@@@Z 0041a9c0 f   stringmatchfilter.obj
 0001:00019a40       ??_EStringMatchFilter@Log4Qt@@UAEPAXI@Z 0041aa40 f i stringmatchfilter.obj
 0001:00019a40       ??_GStringMatchFilter@Log4Qt@@UAEPAXI@Z 0041aa40 f i stringmatchfilter.obj
 0001:00019aa0       ?debug@StringMatchFilter@Log4Qt@@MBE?AVQDebug@@AAV3@@Z 0041aaa0 f   stringmatchfilter.obj
 0001:00019bd0       ?decide@StringMatchFilter@Log4Qt@@UBE?AW4Decision@Filter@2@ABVLoggingEvent@2@@Z 0041abd0 f   stringmatchfilter.obj
 0001:00019cc0       ??1?$QMap@HVQString@@@@QAE@XZ 0041acc0 f i main.obj
 0001:00019d60       ??1?$QMap@VQString@@H@@QAE@XZ 0041ad60 f i main.obj
 0001:00019e00       ??1SplashScreen@@UAE@XZ    0041ae00 f i main.obj
 0001:00019e20       ??A?$QMap@HVQString@@@@QAEAAVQString@@ABH@Z 0041ae20 f i main.obj
 0001:00019ee0       ??A?$QMap@VQString@@H@@QAEAAHABVQString@@@Z 0041aee0 f i main.obj
 0001:00019f60       ??_EPluginFramework@ExtensionSystem@@UAEPAXI@Z 0041af60 f i main.obj
 0001:00019f60       ??_GPluginFramework@ExtensionSystem@@UAEPAXI@Z 0041af60 f i main.obj
 0001:0001a680       ?copy@?$QMapNode@HVQString@@@@QBEPAU1@PAU?$QMapData@HVQString@@@@@Z 0041b680 f i main.obj
 0001:0001a700       ?copy@?$QMapNode@VQString@@H@@QBEPAU1@PAU?$QMapData@VQString@@H@@@Z 0041b700 f i main.obj
 0001:0001a780       ?createNode@?$QMapData@HVQString@@@@QAEPAU?$QMapNode@HVQString@@@@ABHABVQString@@PAU2@_N@Z 0041b780 f i main.obj
 0001:0001a7c0       ?createNode@?$QMapData@VQString@@H@@QAEPAU?$QMapNode@VQString@@H@@ABVQString@@ABHPAU2@_N@Z 0041b7c0 f i main.obj
 0001:0001a800       ?destroySubTree@?$QMapNode@HVQString@@@@QAEXXZ 0041b800 f i main.obj
 0001:0001a830       ?destroySubTree@?$QMapNode@VQString@@H@@QAEXXZ 0041b830 f i main.obj
 0001:0001a860       ?detach_helper@?$QMap@HVQString@@@@AAEXXZ 0041b860 f i main.obj
 0001:0001a900       ?detach_helper@?$QMap@VQString@@H@@AAEXXZ 0041b900 f i main.obj
 0001:0001a9a0       ?insert@?$QMap@HVQString@@@@QAE?AViterator@1@ABHABVQString@@@Z 0041b9a0 f i main.obj
 0001:0001aa40       ?insert@?$QMap@VQString@@H@@QAE?AViterator@1@ABVQString@@ABH@Z 0041ba40 f i main.obj
 0001:0001ab00       ?lowerBound@?$QMapNode@VQString@@H@@QAEPAU1@ABVQString@@@Z 0041bb00 f i main.obj
 0001:0001ab40       _main                      0041bb40 f   main.obj
 0001:0001b2e0       ??0SplashScreen@@QAE@PAVQWidget@@@Z 0041c2e0 f   splashscreen.obj
 0001:0001b3e9       ??_ESplashScreen@@W7AEPAXI@Z 0041c3e9 f i splashscreen.obj
 0001:0001b400       ??_GSplashScreen@@UAEPAXI@Z 0041c400 f i splashscreen.obj
 0001:0001b400       ??_ESplashScreen@@UAEPAXI@Z 0041c400 f i splashscreen.obj
 0001:0001b430       ?drawContents@SplashScreen@@MAEXPAVQPainter@@@Z 0041c430 f   splashscreen.obj
 0001:0001b5a0       ?erase@?$QList@VQString@@@@QAE?AViterator@1@V21@@Z 0041c5a0 f i splashscreen.obj
 0001:0001b610       ?join@?$QListSpecialMethods@VQString@@@@QBE?AVQString@@ABV2@@Z 0041c610 f i splashscreen.obj
 0001:0001b650       ?mousePressEvent@SplashScreen@@MAEXPAVQMouseEvent@@@Z 0041c650 f   splashscreen.obj
 0001:0001b660       ?pluginChanged@SplashScreen@@QAEXABVPluginEvent@ExtensionSystem@@@Z 0041c660 f   splashscreen.obj
 0001:0001b990       ?setProgress@SplashScreen@@QAEXM@Z 0041c990 f   splashscreen.obj
 0001:0001b9b0       ?tr@SplashScreen@@SA?AVQString@@PBD0H@Z 0041c9b0 f i splashscreen.obj
 0001:0001b9e0       ?qt_static_metacall@Appender@Log4Qt@@CAXPAVQObject@@W4Call@QMetaObject@@HPAPAX@Z 0041c9e0 f   moc_appender.obj
 0001:0001ba80       ?qt_metacall@Appender@Log4Qt@@UAEHW4Call@QMetaObject@@HPAPAX@Z 0041ca80 f   moc_appender.obj
 0001:0001baf0       ?qt_metacast@Appender@Log4Qt@@UAEPAXPBD@Z 0041caf0 f   moc_appender.obj
 0001:0001bb50       ?qt_static_metacall@AppenderSkeleton@Log4Qt@@CAXPAVQObject@@W4Call@QMetaObject@@HPAPAX@Z 0041cb50 f   moc_appenderskeleton.obj
 0001:0001bbd0       ?metaObject@AppenderSkeleton@Log4Qt@@UBEPBUQMetaObject@@XZ 0041cbd0 f   moc_appenderskeleton.obj
 0001:0001bbf0       ?qt_metacall@AppenderSkeleton@Log4Qt@@UAEHW4Call@QMetaObject@@HPAPAX@Z 0041cbf0 f   moc_appenderskeleton.obj
 0001:0001bc60       ?qt_metacast@AppenderSkeleton@Log4Qt@@UAEPAXPBD@Z 0041cc60 f   moc_appenderskeleton.obj
 0001:0001bcc0       ?qt_static_metacall@ConsoleAppender@Log4Qt@@CAXPAVQObject@@W4Call@QMetaObject@@HPAPAX@Z 0041ccc0 f   moc_consoleappender.obj
 0001:0001bd20       ?metaObject@ConsoleAppender@Log4Qt@@UBEPBUQMetaObject@@XZ 0041cd20 f   moc_consoleappender.obj
 0001:0001bd40       ?qt_metacall@ConsoleAppender@Log4Qt@@UAEHW4Call@QMetaObject@@HPAPAX@Z 0041cd40 f   moc_consoleappender.obj
 0001:0001bdb0       ?qt_metacast@ConsoleAppender@Log4Qt@@UAEPAXPBD@Z 0041cdb0 f   moc_consoleappender.obj
 0001:0001be10       ?qt_static_metacall@DailyRollingFileAppender@Log4Qt@@CAXPAVQObject@@W4Call@QMetaObject@@HPAPAX@Z 0041ce10 f   moc_dailyrollingfileappender.obj
 0001:0001be70       ?metaObject@DailyRollingFileAppender@Log4Qt@@UBEPBUQMetaObject@@XZ 0041ce70 f   moc_dailyrollingfileappender.obj
 0001:0001be90       ?qt_metacall@DailyRollingFileAppender@Log4Qt@@UAEHW4Call@QMetaObject@@HPAPAX@Z 0041ce90 f   moc_dailyrollingfileappender.obj
 0001:0001bf00       ?qt_metacast@DailyRollingFileAppender@Log4Qt@@UAEPAXPBD@Z 0041cf00 f   moc_dailyrollingfileappender.obj
 0001:0001bf60       ?qt_static_metacall@FileAppender@Log4Qt@@CAXPAVQObject@@W4Call@QMetaObject@@HPAPAX@Z 0041cf60 f   moc_fileappender.obj
 0001:0001c000       ?metaObject@FileAppender@Log4Qt@@UBEPBUQMetaObject@@XZ 0041d000 f   moc_fileappender.obj
 0001:0001c020       ?qt_metacall@FileAppender@Log4Qt@@UAEHW4Call@QMetaObject@@HPAPAX@Z 0041d020 f   moc_fileappender.obj
 0001:0001c090       ?qt_metacast@FileAppender@Log4Qt@@UAEPAXPBD@Z 0041d090 f   moc_fileappender.obj
 0001:0001c0f0       ?setFile@FileAppender@Log4Qt@@QAEXABVQString@@@Z 0041d0f0 f i moc_fileappender.obj
 0001:0001c1e0       ?configurationFileChanged@ConfiguratorHelper@Log4Qt@@QAEXABVQString@@_N@Z 0041d1e0 f   moc_configuratorhelper.obj
 0001:0001c230       ?metaObject@ConfiguratorHelper@Log4Qt@@UBEPBUQMetaObject@@XZ 0041d230 f   moc_configuratorhelper.obj
 0001:0001c250       ?qt_metacall@ConfiguratorHelper@Log4Qt@@UAEHW4Call@QMetaObject@@HPAPAX@Z 0041d250 f   moc_configuratorhelper.obj
 0001:0001c2b0       ?qt_metacast@ConfiguratorHelper@Log4Qt@@UAEPAXPBD@Z 0041d2b0 f   moc_configuratorhelper.obj
 0001:0001c310       ?qt_static_metacall@ConfiguratorHelper@Log4Qt@@CAXPAVQObject@@W4Call@QMetaObject@@HPAPAX@Z 0041d310 f   moc_configuratorhelper.obj
 0001:0001c3c0       ?metaObject@LogObject@Log4Qt@@UBEPBUQMetaObject@@XZ 0041d3c0 f   moc_logobject.obj
 0001:0001c3e0       ?qt_metacall@LogObject@Log4Qt@@UAEHW4Call@QMetaObject@@HPAPAX@Z 0041d3e0 f   moc_logobject.obj
 0001:0001c3f0       ?qt_metacast@LogObject@Log4Qt@@UAEPAXPBD@Z 0041d3f0 f   moc_logobject.obj
 0001:0001c450       ?qt_static_metacall@Layout@Log4Qt@@CAXPAVQObject@@W4Call@QMetaObject@@HPAPAX@Z 0041d450 f   moc_layout.obj
 0001:0001c520       ?metaObject@Layout@Log4Qt@@UBEPBUQMetaObject@@XZ 0041d520 f   moc_layout.obj
 0001:0001c540       ?qt_metacall@Layout@Log4Qt@@UAEHW4Call@QMetaObject@@HPAPAX@Z 0041d540 f   moc_layout.obj
 0001:0001c5b0       ?qt_metacast@Layout@Log4Qt@@UAEPAXPBD@Z 0041d5b0 f   moc_layout.obj
 0001:0001c610       ?metaObject@Logger@Log4Qt@@UBEPBUQMetaObject@@XZ 0041d610 f   moc_logger.obj
 0001:0001c630       ?qt_metacall@Logger@Log4Qt@@UAEHW4Call@QMetaObject@@HPAPAX@Z 0041d630 f   moc_logger.obj
 0001:0001c6a0       ?qt_metacast@Logger@Log4Qt@@UAEPAXPBD@Z 0041d6a0 f   moc_logger.obj
 0001:0001c700       ?qt_metatype_id@?$QMetaTypeIdQObject@PAVLogger@Log4Qt@@$07@@SAHXZ 0041d700 f i moc_logger.obj
 0001:0001c7d0       ?qt_static_metacall@Logger@Log4Qt@@CAXPAVQObject@@W4Call@QMetaObject@@HPAPAX@Z 0041d7d0 f   moc_logger.obj
 0001:0001c8d0       ?qt_static_metacall@PatternLayout@Log4Qt@@CAXPAVQObject@@W4Call@QMetaObject@@HPAPAX@Z 0041d8d0 f   moc_patternlayout.obj
 0001:0001c940       ?metaObject@PatternLayout@Log4Qt@@UBEPBUQMetaObject@@XZ 0041d940 f   moc_patternlayout.obj
 0001:0001c960       ?qt_metacall@PatternLayout@Log4Qt@@UAEHW4Call@QMetaObject@@HPAPAX@Z 0041d960 f   moc_patternlayout.obj
 0001:0001c9d0       ?qt_metacast@PatternLayout@Log4Qt@@UAEPAXPBD@Z 0041d9d0 f   moc_patternlayout.obj
 0001:0001ca30       ?qt_static_metacall@RollingFileAppender@Log4Qt@@CAXPAVQObject@@W4Call@QMetaObject@@HPAPAX@Z 0041da30 f   moc_rollingfileappender.obj
 0001:0001cb00       ?metaObject@RollingFileAppender@Log4Qt@@UBEPBUQMetaObject@@XZ 0041db00 f   moc_rollingfileappender.obj
 0001:0001cb20       ?qt_metacall@RollingFileAppender@Log4Qt@@UAEHW4Call@QMetaObject@@HPAPAX@Z 0041db20 f   moc_rollingfileappender.obj
 0001:0001cb90       ?qt_metacast@RollingFileAppender@Log4Qt@@UAEPAXPBD@Z 0041db90 f   moc_rollingfileappender.obj
 0001:0001cbf0       ?setMaxBackupIndex@RollingFileAppender@Log4Qt@@QAEXH@Z 0041dbf0 f i moc_rollingfileappender.obj
 0001:0001cc20       ?setMaximumFileSize@RollingFileAppender@Log4Qt@@QAEX_J@Z 0041dc20 f i moc_rollingfileappender.obj
 0001:0001cc60       ?metaObject@SimpleLayout@Log4Qt@@UBEPBUQMetaObject@@XZ 0041dc60 f   moc_simplelayout.obj
 0001:0001cc80       ?qt_metacall@SimpleLayout@Log4Qt@@UAEHW4Call@QMetaObject@@HPAPAX@Z 0041dc80 f   moc_simplelayout.obj
 0001:0001cc90       ?qt_metacast@SimpleLayout@Log4Qt@@UAEPAXPBD@Z 0041dc90 f   moc_simplelayout.obj
 0001:0001ccf0       ?qt_static_metacall@Filter@Log4Qt@@CAXPAVQObject@@W4Call@QMetaObject@@HPAPAX@Z 0041dcf0 f   moc_filter.obj
 0001:0001cd60       ?Construct@?$QMetaTypeFunctionHelper@PAVLogger@Log4Qt@@$00@QtMetaTypePrivate@@SAPAXPAXPBX@Z 0041dd60 f i moc_logger.obj
 0001:0001cd60       ?Construct@?$QMetaTypeFunctionHelper@PAVFilter@Log4Qt@@$00@QtMetaTypePrivate@@SAPAXPAXPBX@Z 0041dd60 f i moc_filter.obj
 0001:0001cd90       __initialize_denormal_control 0041dd90 f i MSVCRT:denormal_control.obj
 0001:0001cd90       ?activateOptions@Layout@Log4Qt@@UAEXXZ 0041dd90 f i layout.obj
 0001:0001cd90       ?qt_static_metacall@NullAppender@Log4Qt@@CAXPAVQObject@@W4Call@QMetaObject@@HPAPAX@Z 0041dd90 f i moc_nullappender.obj
 0001:0001cd90       ?qt_static_metacall@SimpleLayout@Log4Qt@@CAXPAVQObject@@W4Call@QMetaObject@@HPAPAX@Z 0041dd90 f i moc_simplelayout.obj
 0001:0001cd90       ?qt_static_metacall@LogObject@Log4Qt@@CAXPAVQObject@@W4Call@QMetaObject@@HPAPAX@Z 0041dd90 f i moc_logobject.obj
 0001:0001cd90       ?Destruct@?$QMetaTypeFunctionHelper@PAVFilter@Log4Qt@@$00@QtMetaTypePrivate@@SAXPAX@Z 0041dd90 f i moc_filter.obj
 0001:0001cd90       __initialize_invalid_parameter_handler 0041dd90 f i MSVCRT:invalid_parameter_handler.obj
 0001:0001cd90       ?qt_static_metacall@DebugAppender@Log4Qt@@CAXPAVQObject@@W4Call@QMetaObject@@HPAPAX@Z 0041dd90 f i moc_debugappender.obj
 0001:0001cd90       ?Destruct@?$QMetaTypeFunctionHelper@VLevel@Log4Qt@@$00@QtMetaTypePrivate@@SAXPAX@Z 0041dd90 f i factory.obj
 0001:0001cd90       @_guard_check_icall_nop@4  0041dd90 f i MSVCRT:guard_support.obj
 0001:0001cd90       ??3@YAXPAX0@Z              0041dd90 f i initialisationhelper.obj
 0001:0001cd90       ?qt_static_metacall@DenyAllFilter@Log4Qt@@CAXPAVQObject@@W4Call@QMetaObject@@HPAPAX@Z 0041dd90 f i moc_denyallfilter.obj
 0001:0001cd90       ?activateOptions@Filter@Log4Qt@@UAEXXZ 0041dd90 f i factory.obj
 0001:0001cd90       ?Destruct@?$QMetaTypeFunctionHelper@PAVLogger@Log4Qt@@$00@QtMetaTypePrivate@@SAXPAX@Z 0041dd90 f i moc_logger.obj
 0001:0001cd90       ??$acquireMemoryFence@PAVInitialisationHelper@Log4Qt@@@?$QGenericAtomicOps@U?$QAtomicOps@PAVInitialisationHelper@Log4Qt@@@@@@SAXABQAVInitialisationHelper@Log4Qt@@@Z 0041dd90 f i initialisationhelper.obj
 0001:0001cda0       ?metaObject@Filter@Log4Qt@@UBEPBUQMetaObject@@XZ 0041dda0 f   moc_filter.obj
 0001:0001cdc0       ?qt_metacall@Filter@Log4Qt@@UAEHW4Call@QMetaObject@@HPAPAX@Z 0041ddc0 f   moc_filter.obj
 0001:0001ce30       ?qt_metacast@Filter@Log4Qt@@UAEPAXPBD@Z 0041de30 f   moc_filter.obj
 0001:0001ce90       ?qt_metatype_id@?$QMetaTypeIdQObject@PAVFilter@Log4Qt@@$07@@SAHXZ 0041de90 f i moc_filter.obj
 0001:0001cf60       ?qt_static_metacall@TTCCLayout@Log4Qt@@CAXPAVQObject@@W4Call@QMetaObject@@HPAPAX@Z 0041df60 f   moc_ttcclayout.obj
 0001:0001d050       ?metaObject@TTCCLayout@Log4Qt@@UBEPBUQMetaObject@@XZ 0041e050 f   moc_ttcclayout.obj
 0001:0001d070       ?qt_metacall@TTCCLayout@Log4Qt@@UAEHW4Call@QMetaObject@@HPAPAX@Z 0041e070 f   moc_ttcclayout.obj
 0001:0001d0e0       ?qt_metacast@TTCCLayout@Log4Qt@@UAEPAXPBD@Z 0041e0e0 f   moc_ttcclayout.obj
 0001:0001d140       ?qt_static_metacall@WriterAppender@Log4Qt@@CAXPAVQObject@@W4Call@QMetaObject@@HPAPAX@Z 0041e140 f   moc_writerappender.obj
 0001:0001d1f0       ?metaObject@WriterAppender@Log4Qt@@UBEPBUQMetaObject@@XZ 0041e1f0 f   moc_writerappender.obj
 0001:0001d210       ?qt_metacall@WriterAppender@Log4Qt@@UAEHW4Call@QMetaObject@@HPAPAX@Z 0041e210 f   moc_writerappender.obj
 0001:0001d280       ?qt_metacast@WriterAppender@Log4Qt@@UAEPAXPBD@Z 0041e280 f   moc_writerappender.obj
 0001:0001d2e0       ?metaObject@DebugAppender@Log4Qt@@UBEPBUQMetaObject@@XZ 0041e2e0 f   moc_debugappender.obj
 0001:0001d300       ?qt_metacast@DebugAppender@Log4Qt@@UAEPAXPBD@Z 0041e300 f   moc_debugappender.obj
 0001:0001d360       ?metaObject@DenyAllFilter@Log4Qt@@UBEPBUQMetaObject@@XZ 0041e360 f   moc_denyallfilter.obj
 0001:0001d380       ?qt_metacall@DenyAllFilter@Log4Qt@@UAEHW4Call@QMetaObject@@HPAPAX@Z 0041e380 f   moc_denyallfilter.obj
 0001:0001d390       ?qt_metacast@DenyAllFilter@Log4Qt@@UAEPAXPBD@Z 0041e390 f   moc_denyallfilter.obj
 0001:0001d3f0       ?metaObject@NullAppender@Log4Qt@@UBEPBUQMetaObject@@XZ 0041e3f0 f   moc_nullappender.obj
 0001:0001d410       ?qt_metacall@DebugAppender@Log4Qt@@UAEHW4Call@QMetaObject@@HPAPAX@Z 0041e410 f   moc_debugappender.obj
 0001:0001d410       ?qt_metacall@NullAppender@Log4Qt@@UAEHW4Call@QMetaObject@@HPAPAX@Z 0041e410 f   moc_nullappender.obj
 0001:0001d420       ?qt_metacast@NullAppender@Log4Qt@@UAEPAXPBD@Z 0041e420 f   moc_nullappender.obj
 0001:0001d480       ?qt_static_metacall@LevelMatchFilter@Log4Qt@@CAXPAVQObject@@W4Call@QMetaObject@@HPAPAX@Z 0041e480 f   moc_levelmatchfilter.obj
 0001:0001d500       ?metaObject@LevelMatchFilter@Log4Qt@@UBEPBUQMetaObject@@XZ 0041e500 f   moc_levelmatchfilter.obj
 0001:0001d520       ?qt_metacall@LevelMatchFilter@Log4Qt@@UAEHW4Call@QMetaObject@@HPAPAX@Z 0041e520 f   moc_levelmatchfilter.obj
 0001:0001d590       ?qt_metacast@LevelMatchFilter@Log4Qt@@UAEPAXPBD@Z 0041e590 f   moc_levelmatchfilter.obj
 0001:0001d5f0       ?qt_static_metacall@LevelRangeFilter@Log4Qt@@CAXPAVQObject@@W4Call@QMetaObject@@HPAPAX@Z 0041e5f0 f   moc_levelrangefilter.obj
 0001:0001d6b0       ?metaObject@LevelRangeFilter@Log4Qt@@UBEPBUQMetaObject@@XZ 0041e6b0 f   moc_levelrangefilter.obj
 0001:0001d6d0       ?qt_metacall@LevelRangeFilter@Log4Qt@@UAEHW4Call@QMetaObject@@HPAPAX@Z 0041e6d0 f   moc_levelrangefilter.obj
 0001:0001d740       ?qt_metacast@LevelRangeFilter@Log4Qt@@UAEPAXPBD@Z 0041e740 f   moc_levelrangefilter.obj
 0001:0001d7a0       ?qt_static_metacall@ListAppender@Log4Qt@@CAXPAVQObject@@W4Call@QMetaObject@@HPAPAX@Z 0041e7a0 f   moc_listappender.obj
 0001:0001d800       ?metaObject@ListAppender@Log4Qt@@UBEPBUQMetaObject@@XZ 0041e800 f   moc_listappender.obj
 0001:0001d820       ?qt_metacall@ListAppender@Log4Qt@@UAEHW4Call@QMetaObject@@HPAPAX@Z 0041e820 f   moc_listappender.obj
 0001:0001d890       ?qt_metacast@ListAppender@Log4Qt@@UAEPAXPBD@Z 0041e890 f   moc_listappender.obj
 0001:0001d8f0       ?qt_static_metacall@StringMatchFilter@Log4Qt@@CAXPAVQObject@@W4Call@QMetaObject@@HPAPAX@Z 0041e8f0 f   moc_stringmatchfilter.obj
 0001:0001d970       ?metaObject@StringMatchFilter@Log4Qt@@UBEPBUQMetaObject@@XZ 0041e970 f   moc_stringmatchfilter.obj
 0001:0001d990       ?qt_metacall@StringMatchFilter@Log4Qt@@UAEHW4Call@QMetaObject@@HPAPAX@Z 0041e990 f   moc_stringmatchfilter.obj
 0001:0001da00       ?qt_metacast@StringMatchFilter@Log4Qt@@UAEPAXPBD@Z 0041ea00 f   moc_stringmatchfilter.obj
 0001:0001da60       ?metaObject@SplashScreen@@UBEPBUQMetaObject@@XZ 0041ea60 f   moc_splashscreen.obj
 0001:0001da80       ?qt_metacall@SplashScreen@@UAEHW4Call@QMetaObject@@HPAPAX@Z 0041ea80 f   moc_splashscreen.obj
 0001:0001dae0       ?qt_metacast@SplashScreen@@UAEPAXPBD@Z 0041eae0 f   moc_splashscreen.obj
 0001:0001db40       ?qt_static_metacall@SplashScreen@@CAXPAVQObject@@W4Call@QMetaObject@@HPAPAX@Z 0041eb40 f   moc_splashscreen.obj
 0001:0001db82       ?metaObject@PluginFramework@ExtensionSystem@@UBEPBUQMetaObject@@XZ 0041eb82 f   pluginframework:pluginframework.dll
 0001:0001db88       ?qt_metacall@PluginFramework@ExtensionSystem@@UAEHW4Call@QMetaObject@@HPAPAX@Z 0041eb88 f   pluginframework:pluginframework.dll
 0001:0001db8e       ?qt_metacast@PluginFramework@ExtensionSystem@@UAEPAXPBD@Z 0041eb8e f   pluginframework:pluginframework.dll
 0001:0001db94       ?actionEvent@QWidget@@MAEXPAVQActionEvent@@@Z 0041eb94 f   Qt5Widgets:Qt5Widgets.dll
[...]
 0002:00106814       __unwindtable$?close@FileAppender@Log4Qt@@UAEXXZ 0052a814     fileappender.obj
 0002:00106814       __unwindtable$?close@ConsoleAppender@Log4Qt@@UAEXXZ 0052a814     consoleappender.obj
 0002:00106814       __unwindtable$?setEncoding@WriterAppender@Log4Qt@@QAEXPAVQTextCodec@@@Z 0052a814     writerappender.obj
 0002:00106814       __unwindtable$?doConfigurationFileChanged@ConfiguratorHelper@Log4Qt@@AAEXABVQString@@@Z 0052a814     configuratorhelper.obj
 0002:00106814       __unwindtable$?close@WriterAppender@Log4Qt@@UAEXXZ 0052a814     writerappender.obj
 0002:00106814       __unwindtable$?setWriter@WriterAppender@Log4Qt@@QAEXPAVQTextStream@@@Z 0052a814     writerappender.obj
 0002:00106814       __unwindtable$?setName@AppenderSkeleton@Log4Qt@@UAEXABVQString@@@Z 0052a814     appenderskeleton.obj
 0002:0010681c       __ehfuncinfo$?close@WriterAppender@Log4Qt@@UAEXXZ 0052a81c     writerappender.obj
 0002:0010681c       __ehfuncinfo$?setWriter@WriterAppender@Log4Qt@@QAEXPAVQTextStream@@@Z 0052a81c     writerappender.obj
 0002:0010681c       __ehfuncinfo$?setName@AppenderSkeleton@Log4Qt@@UAEXABVQString@@@Z 0052a81c     appenderskeleton.obj
 0002:0010681c       __ehfuncinfo$?doConfigurationFileChanged@ConfiguratorHelper@Log4Qt@@AAEXABVQString@@@Z 0052a81c     configuratorhelper.obj
 0002:0010681c       __ehfuncinfo$?close@FileAppender@Log4Qt@@UAEXXZ 0052a81c     fileappender.obj
 0002:0010681c       __ehfuncinfo$?activateOptions@DailyRollingFileAppender@Log4Qt@@UAEXXZ 0052a81c     dailyrollingfileappender.obj
 0002:0010681c       __ehfuncinfo$?close@ConsoleAppender@Log4Qt@@UAEXXZ 0052a81c     consoleappender.obj
 0002:0010681c       __ehfuncinfo$?setEncoding@WriterAppender@Log4Qt@@QAEXPAVQTextCodec@@@Z 0052a81c     writerappender.obj
 0002:00106840       __unwindtable$?checkEntryConditions@WriterAppender@Log4Qt@@MBE_NXZ 0052a840     writerappender.obj
 0002:00106840       __unwindtable$?checkEntryConditions@FileAppender@Log4Qt@@MBE_NXZ 0052a840     fileappender.obj
 0002:00106840       __unwindtable$?checkEntryConditions@DailyRollingFileAppender@Log4Qt@@MBE_NXZ 0052a840     dailyrollingfileappender.obj
 0002:00106860       __ehfuncinfo$?checkEntryConditions@FileAppender@Log4Qt@@MBE_NXZ 0052a860     fileappender.obj
 0002:00106860       __ehfuncinfo$?checkEntryConditions@WriterAppender@Log4Qt@@MBE_NXZ 0052a860     writerappender.obj
 0002:00106860       __ehfuncinfo$?checkEntryConditions@DailyRollingFileAppender@Log4Qt@@MBE_NXZ 0052a860     dailyrollingfileappender.obj
 0002:00106884       __ehfuncinfo$?debug@WriterAppender@Log4Qt@@MBE?AVQDebug@@AAV3@@Z 0052a884     writerappender.obj
 0002:001068a8       __unwindtable$?debug@WriterAppender@Log4Qt@@MBE?AVQDebug@@AAV3@@Z 0052a8a8     writerappender.obj
 0002:001068e0       __unwindtable$?writeHeader@WriterAppender@Log4Qt@@IBEXXZ 0052a8e0     writerappender.obj
 0002:001068e0       __unwindtable$?writeFooter@WriterAppender@Log4Qt@@IBEXXZ 0052a8e0     writerappender.obj
 0002:001068f0       __ehfuncinfo$?writeHeader@WriterAppender@Log4Qt@@IBEXXZ 0052a8f0     writerappender.obj
 0002:001068f0       __ehfuncinfo$?writeFooter@WriterAppender@Log4Qt@@IBEXXZ 0052a8f0     writerappender.obj
 0002:00106914       __unwindtable$?append@DebugAppender@Log4Qt@@MAEXABVLoggingEvent@2@@Z 0052a914     debugappender.obj
 0002:0010691c       __ehfuncinfo$?append@DebugAppender@Log4Qt@@MAEXABVLoggingEvent@2@@Z 0052a91c     debugappender.obj
 0002:00106940       __unwindtable$?debug@DebugAppender@Log4Qt@@MBE?AVQDebug@@AAV3@@Z 0052a940     debugappender.obj
 0002:00106960       __ehfuncinfo$?debug@DebugAppender@Log4Qt@@MBE?AVQDebug@@AAV3@@Z 0052a960     debugappender.obj
 0002:00106984       __unwindtable$?debug@NullAppender@Log4Qt@@MBE?AVQDebug@@AAV3@@Z 0052a984     nullappender.obj
 0002:0010699c       __ehfuncinfo$?debug@NullAppender@Log4Qt@@MBE?AVQDebug@@AAV3@@Z 0052a99c     nullappender.obj
 0002:001069c0       __unwindtable$?debug@LevelMatchFilter@Log4Qt@@MBE?AVQDebug@@AAV3@@Z 0052a9c0     levelmatchfilter.obj
 0002:001069d0       __ehfuncinfo$?debug@LevelMatchFilter@Log4Qt@@MBE?AVQDebug@@AAV3@@Z 0052a9d0     levelmatchfilter.obj
 0002:001069f4       __unwindtable$?debug@LevelRangeFilter@Log4Qt@@MBE?AVQDebug@@AAV3@@Z 0052a9f4     levelrangefilter.obj
 0002:00106a0c       __ehfuncinfo$?debug@LevelRangeFilter@Log4Qt@@MBE?AVQDebug@@AAV3@@Z 0052aa0c     levelrangefilter.obj
 0002:00106a30       __unwindtable$?setMaxCount@ListAppender@Log4Qt@@QAEXH@Z 0052aa30     listappender.obj
 0002:00106a40       __ehfuncinfo$?setMaxCount@ListAppender@Log4Qt@@QAEXH@Z 0052aa40     listappender.obj
 0002:00106a64       __ehfuncinfo$?debug@ListAppender@Log4Qt@@MBE?AVQDebug@@AAV3@@Z 0052aa64     listappender.obj
 0002:00106a88       __unwindtable$?debug@ListAppender@Log4Qt@@MBE?AVQDebug@@AAV3@@Z 0052aa88     listappender.obj
 0002:00106ab0       __unwindtable$?ensureMaxCount@ListAppender@Log4Qt@@IAEXXZ 0052aab0     listappender.obj
 0002:00106ac0       __ehfuncinfo$?ensureMaxCount@ListAppender@Log4Qt@@IAEXXZ 0052aac0     listappender.obj
 0002:00106ae4       __catchsym$?append@?$QList@VLoggingEvent@Log4Qt@@@@QAEXABVLoggingEvent@Log4Qt@@@Z$16 0052aae4     listappender.obj
 0002:00106af4       __catchsym$?append@?$QList@VLoggingEvent@Log4Qt@@@@QAEXABVLoggingEvent@Log4Qt@@@Z$15 0052aaf4     listappender.obj
 0002:00106b04       __ehfuncinfo$?append@?$QList@VLoggingEvent@Log4Qt@@@@QAEXABVLoggingEvent@Log4Qt@@@Z 0052ab04     listappender.obj
 0002:00106b28       __tryblocktable$?append@?$QList@VLoggingEvent@Log4Qt@@@@QAEXABVLoggingEvent@Log4Qt@@@Z 0052ab28     listappender.obj
 0002:00106b50       __unwindtable$?append@?$QList@VLoggingEvent@Log4Qt@@@@QAEXABVLoggingEvent@Log4Qt@@@Z 0052ab50     listappender.obj
 0002:00106bb0       __catchsym$?detach_helper_grow@?$QList@VLoggingEvent@Log4Qt@@@@AAEPAUNode@1@HH@Z$10 0052abb0     listappender.obj
 0002:00106bc0       __catchsym$?detach_helper_grow@?$QList@VLoggingEvent@Log4Qt@@@@AAEPAUNode@1@HH@Z$9 0052abc0     listappender.obj
 0002:00106bd0       __unwindtable$?detach_helper_grow@?$QList@VLoggingEvent@Log4Qt@@@@AAEPAUNode@1@HH@Z 0052abd0     listappender.obj
 0002:00106bf0       __ehfuncinfo$?detach_helper_grow@?$QList@VLoggingEvent@Log4Qt@@@@AAEPAUNode@1@HH@Z 0052abf0     listappender.obj
 0002:00106c14       __tryblocktable$?detach_helper_grow@?$QList@VLoggingEvent@Log4Qt@@@@AAEPAUNode@1@HH@Z 0052ac14     listappender.obj
 0002:00106c3c       __catchsym$?detach_helper@?$QList@VLoggingEvent@Log4Qt@@@@AAEXH@Z$7 0052ac3c     listappender.obj
 0002:00106c4c       __unwindtable$?detach_helper@?$QList@VLoggingEvent@Log4Qt@@@@AAEXH@Z 0052ac4c     listappender.obj
 0002:00106c5c       __tryblocktable$?detach_helper@?$QList@VLoggingEvent@Log4Qt@@@@AAEXH@Z 0052ac5c     listappender.obj
 0002:00106c70       __ehfuncinfo$?detach_helper@?$QList@VLoggingEvent@Log4Qt@@@@AAEXH@Z 0052ac70     listappender.obj
 0002:00106c94       __unwindtable$??0LevelMatchFilter@Log4Qt@@QAE@PAVQObject@@@Z 0052ac94     levelmatchfilter.obj
 0002:00106c94       __unwindtable$??0LevelRangeFilter@Log4Qt@@QAE@PAVQObject@@@Z 0052ac94     levelrangefilter.obj
 0002:00106c94       __unwindtable$??0StringMatchFilter@Log4Qt@@QAE@PAVQObject@@@Z 0052ac94     stringmatchfilter.obj
 0002:00106c9c       __ehfuncinfo$??0StringMatchFilter@Log4Qt@@QAE@PAVQObject@@@Z 0052ac9c     stringmatchfilter.obj
 0002:00106c9c       __ehfuncinfo$??0LevelMatchFilter@Log4Qt@@QAE@PAVQObject@@@Z 0052ac9c     levelmatchfilter.obj
 0002:00106c9c       __ehfuncinfo$??0LevelRangeFilter@Log4Qt@@QAE@PAVQObject@@@Z 0052ac9c     levelrangefilter.obj
 0002:00106cc0       __unwindtable$?decide@StringMatchFilter@Log4Qt@@UBE?AW4Decision@Filter@2@ABVLoggingEvent@2@@Z 0052acc0     stringmatchfilter.obj
 0002:00106cd0       __ehfuncinfo$?decide@StringMatchFilter@Log4Qt@@UBE?AW4Decision@Filter@2@ABVLoggingEvent@2@@Z 0052acd0     stringmatchfilter.obj
 0002:00106cf4       __unwindtable$?debug@DenyAllFilter@Log4Qt@@MBE?AVQDebug@@AAV3@@Z 0052acf4     denyallfilter.obj
 0002:00106cf4       __unwindtable$?debug@StringMatchFilter@Log4Qt@@MBE?AVQDebug@@AAV3@@Z 0052acf4     stringmatchfilter.obj
 0002:00106cfc       __ehfuncinfo$?debug@DenyAllFilter@Log4Qt@@MBE?AVQDebug@@AAV3@@Z 0052acfc     denyallfilter.obj
 0002:00106cfc       __ehfuncinfo$?debug@StringMatchFilter@Log4Qt@@MBE?AVQDebug@@AAV3@@Z 0052acfc     stringmatchfilter.obj
 0002:00106d20       __unwindtable$??A?$QMap@HVQString@@@@QAEAAVQString@@ABH@Z 0052ad20     main.obj
 0002:00106d28       __ehfuncinfo$??A?$QMap@HVQString@@@@QAEAAVQString@@ABH@Z 0052ad28     main.obj
 0002:00106d4c       __ehfuncinfo$?__init_property_constance_map@@YAHXZ 0052ad4c     main.obj
 0002:00106d70       __unwindtable$?__init_property_constance_map@@YAHXZ 0052ad70     main.obj
 0002:00106e08       __ehfuncinfo$_main         0052ae08     main.obj
 0002:00106e2c       __unwindtable$_main        0052ae2c     main.obj
 0002:00107084       __ehfuncinfo$??0SplashScreen@@QAE@PAVQWidget@@@Z 0052b084     splashscreen.obj
 0002:001070a8       __unwindtable$??0SplashScreen@@QAE@PAVQWidget@@@Z 0052b0a8     splashscreen.obj
 0002:001070e8       __ehfuncinfo$?pluginChanged@SplashScreen@@QAEXABVPluginEvent@ExtensionSystem@@@Z 0052b0e8     splashscreen.obj
 0002:0010710c       __unwindtable$?pluginChanged@SplashScreen@@QAEXABVPluginEvent@ExtensionSystem@@@Z 0052b10c     splashscreen.obj
 0002:00107154       __unwindtable$?drawContents@SplashScreen@@MAEXPAVQPainter@@@Z 0052b154     splashscreen.obj
 0002:0010716c       __ehfuncinfo$?drawContents@SplashScreen@@MAEXPAVQPainter@@@Z 0052b16c     splashscreen.obj
 0002:00107190       __unwindtable$??__Fdummy@?A0xcbdf61e0@@YAXXZ 0052b190     qrc_resource.obj
 0002:00107198       __ehfuncinfo$??__Fdummy@?A0xcbdf61e0@@YAXXZ 0052b198     qrc_resource.obj
 0002:001071bc       __unwindtable$?setFile@FileAppender@Log4Qt@@QAEXABVQString@@@Z 0052b1bc     moc_fileappender.obj
 0002:001071dc       __ehfuncinfo$?setFile@FileAppender@Log4Qt@@QAEXABVQString@@@Z 0052b1dc     moc_fileappender.obj
 0002:00107200       __unwindtable$?qt_metatype_id@?$QMetaTypeIdQObject@PAVFilter@Log4Qt@@$07@@SAHXZ 0052b200     moc_filter.obj
 0002:00107200       __unwindtable$?qt_metatype_id@?$QMetaTypeId@VLevel@Log4Qt@@@@SAHXZ 0052b200     factory.obj
 0002:00107200       __unwindtable$?qt_metatype_id@?$QMetaTypeIdQObject@PAVLogger@Log4Qt@@$07@@SAHXZ 0052b200     moc_logger.obj
 0002:00107208       __ehfuncinfo$?qt_metatype_id@?$QMetaTypeId@VLevel@Log4Qt@@@@SAHXZ 0052b208     factory.obj
 0002:00107208       __ehfuncinfo$?qt_metatype_id@?$QMetaTypeIdQObject@PAVLogger@Log4Qt@@$07@@SAHXZ 0052b208     moc_logger.obj
 0002:00107208       __ehfuncinfo$?qt_metatype_id@?$QMetaTypeIdQObject@PAVFilter@Log4Qt@@$07@@SAHXZ 0052b208     moc_filter.obj
 0002:00107230       __sehtable$___scrt_is_nonwritable_in_current_image 0052b230     MSVCRT:utility.obj
 0002:00107250       __sehtable$?__scrt_common_main_seh@@YAHXZ 0052b250     MSVCRT:exe_winmain.obj
 0002:00107e88       .idata$6                   0052be88     pluginframework:pluginframework.dll
 0002:001088d0       .idata$6                   0052c8d0     Qt5Widgets:Qt5Widgets.dll
 0002:001089fc       .idata$6                   0052c9fc     Qt5Gui:Qt5Gui.dll
 0002:0010bb0a       .idata$6                   0052fb0a     Qt5Core:Qt5Core.dll
 0002:0010bc5a       .idata$6                   0052fc5a     kernel32:KERNEL32.dll
 0002:0010bd12       .idata$6                   0052fd12     vcruntime:VCRUNTIME140.dll
 0002:0010befc       .idata$6                   0052fefc     ucrt:api-ms-win-crt-stdio-l1-1-0.dll
 0002:0010bf1c       .idata$6                   0052ff1c     ucrt:api-ms-win-crt-runtime-l1-1-0.dll
 0002:0010bf3e       .idata$6                   0052ff3e     ucrt:api-ms-win-crt-heap-l1-1-0.dll
 0002:0010bf5e       .idata$6                   0052ff5e     ucrt:api-ms-win-crt-math-l1-1-0.dll
 0002:0010bf7e       .idata$6                   0052ff7e     ucrt:api-ms-win-crt-locale-l1-1-0.dll
 0002:0010bfb6       .idata$6                   0052ffb6     shell32:SHELL32.dll
 0003:00000710       ?sp_singleton_ConfiguratorHelper@Log4Qt@@3V?$QBasicAtomicPointer@VConfiguratorHelper@Log4Qt@@@@A 00530710     configuratorhelper.obj
 0003:00000714       ?sp_singleton_Factory@Log4Qt@@3V?$QBasicAtomicPointer@VFactory@Log4Qt@@@@A 00530714     factory.obj
 0003:0000071c       ?p_logger@?1??logger@Log4Qt@@YAPAVLogger@2@XZ@4V?$QBasicAtomicPointer@VLogger@Log4Qt@@@@A 0053071c     factory.obj
 0003:00000720       ?sp_singleton_InitialisationHelper@Log4Qt@@3V?$QBasicAtomicPointer@VInitialisationHelper@Log4Qt@@@@A 00530720     initialisationhelper.obj
 0003:00000730       ?sp_global_static_thread_error@Log4Qt@@3V?$QBasicAtomicPointer@V?$QThreadStorage@PAVLogError@Log4Qt@@@@@@A 00530730     logerror.obj
 0003:00000734       ?p_logger@?1??logger@Log4Qt@@YAPAVLogger@2@XZ@4V?$QBasicAtomicPointer@VLogger@Log4Qt@@@@A 00530734     optionconverter.obj
 0003:00000738       ?p_logger@?1??logger@Log4Qt@@YAPAVLogger@2@XZ@4V?$QBasicAtomicPointer@VLogger@Log4Qt@@@@A 00530738     patternformatter.obj
 0003:0000073c       ?p_logger@?1??logger@Log4Qt@@YAPAVLogger@2@XZ@4V?$QBasicAtomicPointer@VLogger@Log4Qt@@@@A 0053073c     properties.obj
 0003:00000740       ?p_logger@?1??static_logger@Log4Qt@@YAPAVLogger@2@XZ@4V?$QBasicAtomicPointer@VLogger@Log4Qt@@@@A 00530740     hierarchy.obj
 0003:00000744       ?p_logger@?1??logger@Log4Qt@@YAPAVLogger@2@XZ@4V?$QBasicAtomicPointer@VLogger@Log4Qt@@@@A 00530744     level.obj
 0003:00000750       ?sp_global_static_sequence_guard@Log4Qt@@3V?$QBasicAtomicPointer@VQMutex@@@@A 00530750     loggingevent.obj
 0003:00000758       ?sp_global_static_singleton_guard@Log4Qt@@3V?$QBasicAtomicPointer@VQMutex@@@@A 00530758     logmanager.obj
 0003:0000075c       ?p_logger@?1??static_logger@Log4Qt@@YAPAVLogger@2@XZ@4V?$QBasicAtomicPointer@VLogger@Log4Qt@@@@A 0053075c     logmanager.obj
 0003:00000760       ?sp_singleton_MDC@Log4Qt@@3V?$QBasicAtomicPointer@VMDC@Log4Qt@@@@A 00530760     mdc.obj
 0003:00000764       ?sp_singleton_NDC@Log4Qt@@3V?$QBasicAtomicPointer@VNDC@Log4Qt@@@@A 00530764     ndc.obj
 0003:00000768       ?p_logger@?1??logger@Log4Qt@@YAPAVLogger@2@XZ@4V?$QBasicAtomicPointer@VLogger@Log4Qt@@@@A 00530768     propertyconfigurator.obj
 0003:0000076c       ?PROPERTY_VALUE@PropertyConstants@@3VQString@@B 0053076c     main.obj
 0003:00000770       ?PROPERTY_NAME@PropertyConstants@@3VQString@@B 00530770     main.obj
 0003:00000774       ?PROPERTY_OPTIONS@PropertyConstants@@3VQString@@B 00530774     main.obj
 0003:00000778       ?PROPERTY_VALUE_TYPE@PropertyConstants@@3VQString@@B 00530778     main.obj
 0003:0000077c       ?PROPERTY_LIST@PropertyConstants@@3VQString@@B 0053077c     main.obj
 0003:00000780       ?PROPERTY_FILE_METHOD_OPENFILE_URLS@PropertyConstants@@3VQString@@B 00530780     main.obj
 0003:00000784       ?PROPERTY_FILE_FILTER@PropertyConstants@@3VQString@@B 00530784     main.obj
 0003:00000788       ?PROPERTY_SHOW@PropertyConstants@@3VQString@@B 00530788     main.obj
 0003:0000078c       ?PROPERTY_VALUE_MIN@PropertyConstants@@3VQString@@B 0053078c     main.obj
 0003:00000790       ?PROPERTY_FILE_METHOD_SAVEFILE@PropertyConstants@@3VQString@@B 00530790     main.obj
 0003:00000794       ?PROPERTY_PREFIX@PropertyConstants@@3VQString@@B 00530794     main.obj
 0003:00000798       ?PROPERTY_FILE_TITLE@PropertyConstants@@3VQString@@B 00530798     main.obj
 0003:0000079c       ?PropertyTypeNameMap@PropertyConstants@@3V?$QMap@HVQString@@@@A 0053079c     main.obj
 0003:000007a0       ?PROPERTY_FILE_METHOD@PropertyConstants@@3VQString@@B 005307a0     main.obj
 0003:000007a4       ?PROPERTY_FILE_METHOD_OPENFOLDER@PropertyConstants@@3VQString@@B 005307a4     main.obj
 0003:000007a8       ?PROPERTY_STRING_REGEXP@PropertyConstants@@3VQString@@B 005307a8     main.obj
 0003:000007ac       ?PROPERTY_DECIMALS@PropertyConstants@@3VQString@@B 005307ac     main.obj
 0003:000007b0       ?PROPERTY_SERVICE_TOPIC@PropertyConstants@@3VQString@@B 005307b0     main.obj
 0003:000007b4       ?PROPERTY_SUB_ITEMS@PropertyConstants@@3VQString@@B 005307b4     main.obj
 0003:000007b8       ?PROPERTY_FILE_METHOD_OPENFILE_URL@PropertyConstants@@3VQString@@B 005307b8     main.obj
 0003:000007bc       ?PROPERTY_VALUE_MAX@PropertyConstants@@3VQString@@B 005307bc     main.obj
 0003:000007c0       ?PROPERTY_ASSOCIATE@PropertyConstants@@3VQString@@B 005307c0     main.obj
 0003:000007c4       ?PROPERTY_SHOW_TEXT@PropertyConstants@@3VQString@@B 005307c4     main.obj
 0003:000007c8       ?PROPERTY_SUFFIX@PropertyConstants@@3VQString@@B 005307c8     main.obj
 0003:000007cc       ?PROPERTY_FILE_METHOD_SAVEFILE_URL@PropertyConstants@@3VQString@@B 005307cc     main.obj
 0003:000007d0       ?PropertyNameMap@PropertyConstants@@3V?$QMap@VQString@@H@@A 005307d0     main.obj
 0003:000007d4       ?PROPERTY_FILE_METHOD_OPENFILES@PropertyConstants@@3VQString@@B 005307d4     main.obj
 0003:000007d8       ?PROPERTY_CLIENT_TOPIC@PropertyConstants@@3VQString@@B 005307d8     main.obj
 0003:000007dc       ?PROPERTY_FILE_DIRECTORY@PropertyConstants@@3VQString@@B 005307dc     main.obj
 0003:000007e0       ?PROPERTY_SINGLESTEP@PropertyConstants@@3VQString@@B 005307e0     main.obj
 0003:000007e4       ?PROPERTY_FILE_METHOD_OPENFOLDER_URL@PropertyConstants@@3VQString@@B 005307e4     main.obj
 0003:000007e8       ?PROPERTY_MESSAGE_TYPE@PropertyConstants@@3VQString@@B 005307e8     main.obj
 0003:000007ec       ?PROPERTY_EDITABLE@PropertyConstants@@3VQString@@B 005307ec     main.obj
 0003:000007f0       ?PROPERTY_FILE_METHOD_OPENFILE@PropertyConstants@@3VQString@@B 005307f0     main.obj
 0003:000007f4       ?PROPERTY_HIDE@PropertyConstants@@3VQString@@B 005307f4     main.obj
 0003:000007f8       ?i@@3HA                    005307f8     main.obj
 0003:00000810       ?module_local_atexit_table@@3U_onexit_table_t@@A 00530810     MSVCRT:utility.obj
 0003:0000081c       ?module_local_at_quick_exit_table@@3U_onexit_table_t@@A 0053081c     MSVCRT:utility.obj
 0003:00000828       ?is_initialized_as_dll@@3_NA 00530828     MSVCRT:utility.obj
 0003:00000830       _GS_ExceptionRecord        00530830     MSVCRT:gs_report.obj
 0003:00000880       _GS_ContextRecord          00530880     MSVCRT:gs_report.obj
 0004:00000000       __guard_fids__             00531000     MSVCRT:std_type_info_static.obj
 0004:00000004       __guard_fids__             00531004     MSVCRT:exe_winmain.obj
 0004:00000008       __guard_fids__             00531008     MSVCRT:exe_winmain.obj
 0004:0000000c       __guard_fids__             0053100c     MSVCRT:exe_winmain.obj
 0004:00000010       __guard_fids_?pre_c_initialization@@YAHXZ 00531010     MSVCRT:exe_winmain.obj
 0004:00000018       __guard_fids__             00531018     MSVCRT:throw_bad_alloc.obj
 0004:00000020       __guard_fids__             00531020     MSVCRT:throw_bad_alloc.obj
 0004:00000028       __guard_fids__             00531028     MSVCRT:throw_bad_alloc.obj
 0004:00000030       __guard_fids__             00531030     MSVCRT:throw_bad_alloc.obj
 0004:00000034       __guard_fids__             00531034     MSVCRT:throw_bad_alloc.obj
 0004:00000038       __guard_fids__             00531038     MSVCRT:throw_bad_alloc.obj
 0004:0000003c       __guard_fids__             0053103c     MSVCRT:throw_bad_alloc.obj
 0004:00000040       __guard_fids__             00531040     MSVCRT:throw_bad_alloc.obj
 0004:00000044       __guard_fids____scrt_set_unhandled_exception_filter 00531044     MSVCRT:utility_desktop.obj
 0004:00000048       __guard_fids___except_handler4 00531048     MSVCRT:_chandler4gs_.obj
 0004:0000004c       __guard_fids__             0053104c     MSVCRT:guard_support.obj
 0005:00000060       $R000000                   00532060     * linker generated manifest res *
